Archive member included to satisfy reference by file (symbol)

c:/program files (x86)/atollic/truestudio for stm32 9.0.0/armtools/bin/../lib/gcc/arm-atollic-eabi/6.3.1/../../../../arm-atollic-eabi/lib/armv7e-m/fpu\libc_nano.a(lib_a-init.o)
                              startup\startup_stm32f303x8.o (__libc_init_array)
c:/program files (x86)/atollic/truestudio for stm32 9.0.0/armtools/bin/../lib/gcc/arm-atollic-eabi/6.3.1/armv7e-m/fpu\libgcc.a(_lshrdi3.o)
                              Drivers\STM32F3xx_HAL_Driver\stm32f3xx_hal_flash.o (__aeabi_llsr)

Allocating common symbols
Common symbol       size              file

uwTick              0x4               Drivers\STM32F3xx_HAL_Driver\stm32f3xx_hal.o
pFlash              0x20              Drivers\STM32F3xx_HAL_Driver\stm32f3xx_hal_flash.o
hspi1               0x64              Src\spi.o

Discarded input sections

 .text          0x00000000        0x0 c:/program files (x86)/atollic/truestudio for stm32 9.0.0/armtools/bin/../lib/gcc/arm-atollic-eabi/6.3.1/armv7e-m/fpu/crti.o
 .data          0x00000000        0x0 c:/program files (x86)/atollic/truestudio for stm32 9.0.0/armtools/bin/../lib/gcc/arm-atollic-eabi/6.3.1/armv7e-m/fpu/crti.o
 .bss           0x00000000        0x0 c:/program files (x86)/atollic/truestudio for stm32 9.0.0/armtools/bin/../lib/gcc/arm-atollic-eabi/6.3.1/armv7e-m/fpu/crti.o
 .data          0x00000000        0x4 c:/program files (x86)/atollic/truestudio for stm32 9.0.0/armtools/bin/../lib/gcc/arm-atollic-eabi/6.3.1/armv7e-m/fpu/crtbegin.o
 .text          0x00000000        0x0 Drivers\STM32F3xx_HAL_Driver\stm32f3xx_hal.o
 .data          0x00000000        0x0 Drivers\STM32F3xx_HAL_Driver\stm32f3xx_hal.o
 .bss           0x00000000        0x0 Drivers\STM32F3xx_HAL_Driver\stm32f3xx_hal.o
 .text.HAL_MspInit
                0x00000000        0x2 Drivers\STM32F3xx_HAL_Driver\stm32f3xx_hal.o
 .text.HAL_MspDeInit
                0x00000000        0x2 Drivers\STM32F3xx_HAL_Driver\stm32f3xx_hal.o
 .text.HAL_DeInit
                0x00000000       0x24 Drivers\STM32F3xx_HAL_Driver\stm32f3xx_hal.o
 .text.HAL_GetTickPrio
                0x00000000        0xc Drivers\STM32F3xx_HAL_Driver\stm32f3xx_hal.o
 .text.HAL_SetTickFreq
                0x00000000       0x24 Drivers\STM32F3xx_HAL_Driver\stm32f3xx_hal.o
 .text.HAL_GetTickFreq
                0x00000000        0xc Drivers\STM32F3xx_HAL_Driver\stm32f3xx_hal.o
 .text.HAL_SuspendTick
                0x00000000       0x10 Drivers\STM32F3xx_HAL_Driver\stm32f3xx_hal.o
 .text.HAL_ResumeTick
                0x00000000       0x10 Drivers\STM32F3xx_HAL_Driver\stm32f3xx_hal.o
 .text.HAL_GetHalVersion
                0x00000000        0x8 Drivers\STM32F3xx_HAL_Driver\stm32f3xx_hal.o
 .text.HAL_GetREVID
                0x00000000        0xc Drivers\STM32F3xx_HAL_Driver\stm32f3xx_hal.o
 .text.HAL_GetDEVID
                0x00000000       0x10 Drivers\STM32F3xx_HAL_Driver\stm32f3xx_hal.o
 .text.HAL_GetUIDw0
                0x00000000        0xc Drivers\STM32F3xx_HAL_Driver\stm32f3xx_hal.o
 .text.HAL_GetUIDw1
                0x00000000        0xc Drivers\STM32F3xx_HAL_Driver\stm32f3xx_hal.o
 .text.HAL_GetUIDw2
                0x00000000        0xc Drivers\STM32F3xx_HAL_Driver\stm32f3xx_hal.o
 .text.HAL_DBGMCU_EnableDBGSleepMode
                0x00000000       0x10 Drivers\STM32F3xx_HAL_Driver\stm32f3xx_hal.o
 .text.HAL_DBGMCU_DisableDBGSleepMode
                0x00000000       0x10 Drivers\STM32F3xx_HAL_Driver\stm32f3xx_hal.o
 .text.HAL_DBGMCU_EnableDBGStopMode
                0x00000000       0x10 Drivers\STM32F3xx_HAL_Driver\stm32f3xx_hal.o
 .text.HAL_DBGMCU_DisableDBGStopMode
                0x00000000       0x10 Drivers\STM32F3xx_HAL_Driver\stm32f3xx_hal.o
 .text.HAL_DBGMCU_EnableDBGStandbyMode
                0x00000000       0x10 Drivers\STM32F3xx_HAL_Driver\stm32f3xx_hal.o
 .text.HAL_DBGMCU_DisableDBGStandbyMode
                0x00000000       0x10 Drivers\STM32F3xx_HAL_Driver\stm32f3xx_hal.o
 .text          0x00000000        0x0 Drivers\STM32F3xx_HAL_Driver\stm32f3xx_hal_cortex.o
 .data          0x00000000        0x0 Drivers\STM32F3xx_HAL_Driver\stm32f3xx_hal_cortex.o
 .bss           0x00000000        0x0 Drivers\STM32F3xx_HAL_Driver\stm32f3xx_hal_cortex.o
 .text.HAL_NVIC_EnableIRQ
                0x00000000       0x18 Drivers\STM32F3xx_HAL_Driver\stm32f3xx_hal_cortex.o
 .text.HAL_NVIC_DisableIRQ
                0x00000000       0x1c Drivers\STM32F3xx_HAL_Driver\stm32f3xx_hal_cortex.o
 .text.HAL_NVIC_SystemReset
                0x00000000       0x24 Drivers\STM32F3xx_HAL_Driver\stm32f3xx_hal_cortex.o
 .text.HAL_NVIC_GetPriorityGrouping
                0x00000000       0x10 Drivers\STM32F3xx_HAL_Driver\stm32f3xx_hal_cortex.o
 .text.HAL_NVIC_GetPriority
                0x00000000       0x58 Drivers\STM32F3xx_HAL_Driver\stm32f3xx_hal_cortex.o
 .text.HAL_NVIC_SetPendingIRQ
                0x00000000       0x1c Drivers\STM32F3xx_HAL_Driver\stm32f3xx_hal_cortex.o
 .text.HAL_NVIC_GetPendingIRQ
                0x00000000       0x1c Drivers\STM32F3xx_HAL_Driver\stm32f3xx_hal_cortex.o
 .text.HAL_NVIC_ClearPendingIRQ
                0x00000000       0x1c Drivers\STM32F3xx_HAL_Driver\stm32f3xx_hal_cortex.o
 .text.HAL_NVIC_GetActive
                0x00000000       0x1c Drivers\STM32F3xx_HAL_Driver\stm32f3xx_hal_cortex.o
 .text          0x00000000        0x0 Drivers\STM32F3xx_HAL_Driver\stm32f3xx_hal_dma.o
 .data          0x00000000        0x0 Drivers\STM32F3xx_HAL_Driver\stm32f3xx_hal_dma.o
 .bss           0x00000000        0x0 Drivers\STM32F3xx_HAL_Driver\stm32f3xx_hal_dma.o
 .text.HAL_DMA_Init
                0x00000000       0x68 Drivers\STM32F3xx_HAL_Driver\stm32f3xx_hal_dma.o
 .text.HAL_DMA_DeInit
                0x00000000       0x4c Drivers\STM32F3xx_HAL_Driver\stm32f3xx_hal_dma.o
 .text.HAL_DMA_Start
                0x00000000       0x5c Drivers\STM32F3xx_HAL_Driver\stm32f3xx_hal_dma.o
 .text.HAL_DMA_Start_IT
                0x00000000       0x7a Drivers\STM32F3xx_HAL_Driver\stm32f3xx_hal_dma.o
 .text.HAL_DMA_Abort
                0x00000000       0x2c Drivers\STM32F3xx_HAL_Driver\stm32f3xx_hal_dma.o
 .text.HAL_DMA_Abort_IT
                0x00000000       0x48 Drivers\STM32F3xx_HAL_Driver\stm32f3xx_hal_dma.o
 .text.HAL_DMA_PollForTransfer
                0x00000000       0xc2 Drivers\STM32F3xx_HAL_Driver\stm32f3xx_hal_dma.o
 .text.HAL_DMA_IRQHandler
                0x00000000       0x90 Drivers\STM32F3xx_HAL_Driver\stm32f3xx_hal_dma.o
 .text.HAL_DMA_RegisterCallback
                0x00000000       0x46 Drivers\STM32F3xx_HAL_Driver\stm32f3xx_hal_dma.o
 .text.HAL_DMA_UnRegisterCallback
                0x00000000       0x4e Drivers\STM32F3xx_HAL_Driver\stm32f3xx_hal_dma.o
 .text.HAL_DMA_GetState
                0x00000000        0x6 Drivers\STM32F3xx_HAL_Driver\stm32f3xx_hal_dma.o
 .text.HAL_DMA_GetError
                0x00000000        0x4 Drivers\STM32F3xx_HAL_Driver\stm32f3xx_hal_dma.o
 .debug_info    0x00000000     0x1040 Drivers\STM32F3xx_HAL_Driver\stm32f3xx_hal_dma.o
 .debug_abbrev  0x00000000      0x2ad Drivers\STM32F3xx_HAL_Driver\stm32f3xx_hal_dma.o
 .debug_loc     0x00000000      0x5de Drivers\STM32F3xx_HAL_Driver\stm32f3xx_hal_dma.o
 .debug_aranges
                0x00000000       0x78 Drivers\STM32F3xx_HAL_Driver\stm32f3xx_hal_dma.o
 .debug_ranges  0x00000000       0xd8 Drivers\STM32F3xx_HAL_Driver\stm32f3xx_hal_dma.o
 .debug_line    0x00000000      0x660 Drivers\STM32F3xx_HAL_Driver\stm32f3xx_hal_dma.o
 .debug_str     0x00000000      0xafa Drivers\STM32F3xx_HAL_Driver\stm32f3xx_hal_dma.o
 .comment       0x00000000       0x7d Drivers\STM32F3xx_HAL_Driver\stm32f3xx_hal_dma.o
 .debug_frame   0x00000000      0x13c Drivers\STM32F3xx_HAL_Driver\stm32f3xx_hal_dma.o
 .ARM.attributes
                0x00000000       0x39 Drivers\STM32F3xx_HAL_Driver\stm32f3xx_hal_dma.o
 .text          0x00000000        0x0 Drivers\STM32F3xx_HAL_Driver\stm32f3xx_hal_flash.o
 .data          0x00000000        0x0 Drivers\STM32F3xx_HAL_Driver\stm32f3xx_hal_flash.o
 .bss           0x00000000        0x0 Drivers\STM32F3xx_HAL_Driver\stm32f3xx_hal_flash.o
 .text.FLASH_SetErrorCode
                0x00000000       0x38 Drivers\STM32F3xx_HAL_Driver\stm32f3xx_hal_flash.o
 .text.HAL_FLASH_Program_IT
                0x00000000       0x5c Drivers\STM32F3xx_HAL_Driver\stm32f3xx_hal_flash.o
 .text.HAL_FLASH_EndOfOperationCallback
                0x00000000        0x2 Drivers\STM32F3xx_HAL_Driver\stm32f3xx_hal_flash.o
 .text.HAL_FLASH_OperationErrorCallback
                0x00000000        0x2 Drivers\STM32F3xx_HAL_Driver\stm32f3xx_hal_flash.o
 .text.HAL_FLASH_IRQHandler
                0x00000000      0x114 Drivers\STM32F3xx_HAL_Driver\stm32f3xx_hal_flash.o
 .text.HAL_FLASH_Unlock
                0x00000000       0x24 Drivers\STM32F3xx_HAL_Driver\stm32f3xx_hal_flash.o
 .text.HAL_FLASH_Lock
                0x00000000       0x14 Drivers\STM32F3xx_HAL_Driver\stm32f3xx_hal_flash.o
 .text.HAL_FLASH_OB_Unlock
                0x00000000       0x24 Drivers\STM32F3xx_HAL_Driver\stm32f3xx_hal_flash.o
 .text.HAL_FLASH_OB_Lock
                0x00000000       0x14 Drivers\STM32F3xx_HAL_Driver\stm32f3xx_hal_flash.o
 .text.HAL_FLASH_GetError
                0x00000000        0xc Drivers\STM32F3xx_HAL_Driver\stm32f3xx_hal_flash.o
 .text.FLASH_WaitForLastOperation
                0x00000000       0x50 Drivers\STM32F3xx_HAL_Driver\stm32f3xx_hal_flash.o
 .text.HAL_FLASH_Program
                0x00000000       0x8c Drivers\STM32F3xx_HAL_Driver\stm32f3xx_hal_flash.o
 .text.HAL_FLASH_OB_Launch
                0x00000000       0x18 Drivers\STM32F3xx_HAL_Driver\stm32f3xx_hal_flash.o
 .debug_info    0x00000000      0xe9a Drivers\STM32F3xx_HAL_Driver\stm32f3xx_hal_flash.o
 .debug_abbrev  0x00000000      0x373 Drivers\STM32F3xx_HAL_Driver\stm32f3xx_hal_flash.o
 .debug_loc     0x00000000      0x334 Drivers\STM32F3xx_HAL_Driver\stm32f3xx_hal_flash.o
 .debug_aranges
                0x00000000       0x78 Drivers\STM32F3xx_HAL_Driver\stm32f3xx_hal_flash.o
 .debug_ranges  0x00000000       0xb8 Drivers\STM32F3xx_HAL_Driver\stm32f3xx_hal_flash.o
 .debug_line    0x00000000      0x59e Drivers\STM32F3xx_HAL_Driver\stm32f3xx_hal_flash.o
 .debug_str     0x00000000      0x9ed Drivers\STM32F3xx_HAL_Driver\stm32f3xx_hal_flash.o
 .comment       0x00000000       0x7d Drivers\STM32F3xx_HAL_Driver\stm32f3xx_hal_flash.o
 .debug_frame   0x00000000      0x120 Drivers\STM32F3xx_HAL_Driver\stm32f3xx_hal_flash.o
 .ARM.attributes
                0x00000000       0x39 Drivers\STM32F3xx_HAL_Driver\stm32f3xx_hal_flash.o
 COMMON         0x00000000       0x20 Drivers\STM32F3xx_HAL_Driver\stm32f3xx_hal_flash.o
 .text          0x00000000        0x0 Drivers\STM32F3xx_HAL_Driver\stm32f3xx_hal_flash_ex.o
 .data          0x00000000        0x0 Drivers\STM32F3xx_HAL_Driver\stm32f3xx_hal_flash_ex.o
 .bss           0x00000000        0x0 Drivers\STM32F3xx_HAL_Driver\stm32f3xx_hal_flash_ex.o
 .text.FLASH_MassErase
                0x00000000       0x24 Drivers\STM32F3xx_HAL_Driver\stm32f3xx_hal_flash_ex.o
 .text.FLASH_OB_RDP_LevelConfig
                0x00000000       0x64 Drivers\STM32F3xx_HAL_Driver\stm32f3xx_hal_flash_ex.o
 .text.HAL_FLASHEx_OBErase
                0x00000000       0x60 Drivers\STM32F3xx_HAL_Driver\stm32f3xx_hal_flash_ex.o
 .text.HAL_FLASHEx_OBProgram
                0x00000000      0x17c Drivers\STM32F3xx_HAL_Driver\stm32f3xx_hal_flash_ex.o
 .text.HAL_FLASHEx_OBGetConfig
                0x00000000       0x40 Drivers\STM32F3xx_HAL_Driver\stm32f3xx_hal_flash_ex.o
 .text.HAL_FLASHEx_OBGetUserData
                0x00000000       0x38 Drivers\STM32F3xx_HAL_Driver\stm32f3xx_hal_flash_ex.o
 .text.FLASH_PageErase
                0x00000000       0x24 Drivers\STM32F3xx_HAL_Driver\stm32f3xx_hal_flash_ex.o
 .text.HAL_FLASHEx_Erase
                0x00000000       0x9c Drivers\STM32F3xx_HAL_Driver\stm32f3xx_hal_flash_ex.o
 .text.HAL_FLASHEx_Erase_IT
                0x00000000       0x54 Drivers\STM32F3xx_HAL_Driver\stm32f3xx_hal_flash_ex.o
 .debug_info    0x00000000     0x12fa Drivers\STM32F3xx_HAL_Driver\stm32f3xx_hal_flash_ex.o
 .debug_abbrev  0x00000000      0x359 Drivers\STM32F3xx_HAL_Driver\stm32f3xx_hal_flash_ex.o
 .debug_loc     0x00000000      0x64c Drivers\STM32F3xx_HAL_Driver\stm32f3xx_hal_flash_ex.o
 .debug_aranges
                0x00000000       0x60 Drivers\STM32F3xx_HAL_Driver\stm32f3xx_hal_flash_ex.o
 .debug_ranges  0x00000000      0x100 Drivers\STM32F3xx_HAL_Driver\stm32f3xx_hal_flash_ex.o
 .debug_line    0x00000000      0x609 Drivers\STM32F3xx_HAL_Driver\stm32f3xx_hal_flash_ex.o
 .debug_str     0x00000000      0xb09 Drivers\STM32F3xx_HAL_Driver\stm32f3xx_hal_flash_ex.o
 .comment       0x00000000       0x7d Drivers\STM32F3xx_HAL_Driver\stm32f3xx_hal_flash_ex.o
 .debug_frame   0x00000000       0xf0 Drivers\STM32F3xx_HAL_Driver\stm32f3xx_hal_flash_ex.o
 .ARM.attributes
                0x00000000       0x39 Drivers\STM32F3xx_HAL_Driver\stm32f3xx_hal_flash_ex.o
 .text          0x00000000        0x0 Drivers\STM32F3xx_HAL_Driver\stm32f3xx_hal_gpio.o
 .data          0x00000000        0x0 Drivers\STM32F3xx_HAL_Driver\stm32f3xx_hal_gpio.o
 .bss           0x00000000        0x0 Drivers\STM32F3xx_HAL_Driver\stm32f3xx_hal_gpio.o
 .text.HAL_GPIO_DeInit
                0x00000000       0xe4 Drivers\STM32F3xx_HAL_Driver\stm32f3xx_hal_gpio.o
 .text.HAL_GPIO_ReadPin
                0x00000000        0xc Drivers\STM32F3xx_HAL_Driver\stm32f3xx_hal_gpio.o
 .text.HAL_GPIO_TogglePin
                0x00000000        0x8 Drivers\STM32F3xx_HAL_Driver\stm32f3xx_hal_gpio.o
 .text.HAL_GPIO_LockPin
                0x00000000       0x2a Drivers\STM32F3xx_HAL_Driver\stm32f3xx_hal_gpio.o
 .text.HAL_GPIO_EXTI_Callback
                0x00000000        0x2 Drivers\STM32F3xx_HAL_Driver\stm32f3xx_hal_gpio.o
 .text.HAL_GPIO_EXTI_IRQHandler
                0x00000000       0x18 Drivers\STM32F3xx_HAL_Driver\stm32f3xx_hal_gpio.o
 .text          0x00000000        0x0 Drivers\STM32F3xx_HAL_Driver\stm32f3xx_hal_i2c.o
 .data          0x00000000        0x0 Drivers\STM32F3xx_HAL_Driver\stm32f3xx_hal_i2c.o
 .bss           0x00000000        0x0 Drivers\STM32F3xx_HAL_Driver\stm32f3xx_hal_i2c.o
 .text.I2C_Flush_TXDR
                0x00000000       0x1c Drivers\STM32F3xx_HAL_Driver\stm32f3xx_hal_i2c.o
 .text.I2C_DMASlaveReceiveCplt
                0x00000000        0x2 Drivers\STM32F3xx_HAL_Driver\stm32f3xx_hal_i2c.o
 .text.I2C_TransferConfig
                0x00000000       0x34 Drivers\STM32F3xx_HAL_Driver\stm32f3xx_hal_i2c.o
 .text.I2C_Enable_IRQ
                0x00000000       0x6c Drivers\STM32F3xx_HAL_Driver\stm32f3xx_hal_i2c.o
 .text.I2C_Disable_IRQ
                0x00000000       0x5c Drivers\STM32F3xx_HAL_Driver\stm32f3xx_hal_i2c.o
 .text.I2C_WaitOnFlagUntilTimeout
                0x00000000       0x4e Drivers\STM32F3xx_HAL_Driver\stm32f3xx_hal_i2c.o
 .text.I2C_DMAMasterTransmitCplt
                0x00000000       0x42 Drivers\STM32F3xx_HAL_Driver\stm32f3xx_hal_i2c.o
 .text.I2C_DMAMasterReceiveCplt
                0x00000000       0x42 Drivers\STM32F3xx_HAL_Driver\stm32f3xx_hal_i2c.o
 .text.I2C_IsAcknowledgeFailed
                0x00000000       0x7a Drivers\STM32F3xx_HAL_Driver\stm32f3xx_hal_i2c.o
 .text.I2C_WaitOnRXNEFlagUntilTimeout
                0x00000000       0x84 Drivers\STM32F3xx_HAL_Driver\stm32f3xx_hal_i2c.o
 .text.I2C_WaitOnTXISFlagUntilTimeout
                0x00000000       0x52 Drivers\STM32F3xx_HAL_Driver\stm32f3xx_hal_i2c.o
 .text.I2C_RequestMemoryWrite
                0x00000000       0x6c Drivers\STM32F3xx_HAL_Driver\stm32f3xx_hal_i2c.o
 .text.I2C_RequestMemoryRead
                0x00000000       0x68 Drivers\STM32F3xx_HAL_Driver\stm32f3xx_hal_i2c.o
 .text.I2C_DMASlaveTransmitCplt
                0x00000000        0x2 Drivers\STM32F3xx_HAL_Driver\stm32f3xx_hal_i2c.o
 .text.I2C_WaitOnSTOPFlagUntilTimeout
                0x00000000       0x4e Drivers\STM32F3xx_HAL_Driver\stm32f3xx_hal_i2c.o
 .text.HAL_I2C_MspInit
                0x00000000        0x2 Drivers\STM32F3xx_HAL_Driver\stm32f3xx_hal_i2c.o
 .text.HAL_I2C_Init
                0x00000000       0xa2 Drivers\STM32F3xx_HAL_Driver\stm32f3xx_hal_i2c.o
 .text.HAL_I2C_MspDeInit
                0x00000000        0x2 Drivers\STM32F3xx_HAL_Driver\stm32f3xx_hal_i2c.o
 .text.HAL_I2C_DeInit
                0x00000000       0x32 Drivers\STM32F3xx_HAL_Driver\stm32f3xx_hal_i2c.o
 .text.HAL_I2C_Master_Transmit
                0x00000000      0x130 Drivers\STM32F3xx_HAL_Driver\stm32f3xx_hal_i2c.o
 .text.HAL_I2C_Master_Receive
                0x00000000      0x130 Drivers\STM32F3xx_HAL_Driver\stm32f3xx_hal_i2c.o
 .text.HAL_I2C_Slave_Transmit
                0x00000000      0x13c Drivers\STM32F3xx_HAL_Driver\stm32f3xx_hal_i2c.o
 .text.HAL_I2C_Slave_Receive
                0x00000000      0x13a Drivers\STM32F3xx_HAL_Driver\stm32f3xx_hal_i2c.o
 .text.HAL_I2C_Master_Transmit_IT
                0x00000000       0x8c Drivers\STM32F3xx_HAL_Driver\stm32f3xx_hal_i2c.o
 .text.HAL_I2C_Master_Receive_IT
                0x00000000       0x8c Drivers\STM32F3xx_HAL_Driver\stm32f3xx_hal_i2c.o
 .text.HAL_I2C_Slave_Transmit_IT
                0x00000000       0x58 Drivers\STM32F3xx_HAL_Driver\stm32f3xx_hal_i2c.o
 .text.HAL_I2C_Slave_Receive_IT
                0x00000000       0x58 Drivers\STM32F3xx_HAL_Driver\stm32f3xx_hal_i2c.o
 .text.HAL_I2C_Master_Transmit_DMA
                0x00000000       0xf8 Drivers\STM32F3xx_HAL_Driver\stm32f3xx_hal_i2c.o
 .text.HAL_I2C_Master_Receive_DMA
                0x00000000       0xf4 Drivers\STM32F3xx_HAL_Driver\stm32f3xx_hal_i2c.o
 .text.HAL_I2C_Slave_Transmit_DMA
                0x00000000       0x98 Drivers\STM32F3xx_HAL_Driver\stm32f3xx_hal_i2c.o
 .text.HAL_I2C_Slave_Receive_DMA
                0x00000000       0x9c Drivers\STM32F3xx_HAL_Driver\stm32f3xx_hal_i2c.o
 .text.HAL_I2C_Mem_Write
                0x00000000      0x170 Drivers\STM32F3xx_HAL_Driver\stm32f3xx_hal_i2c.o
 .text.HAL_I2C_Mem_Read
                0x00000000      0x17c Drivers\STM32F3xx_HAL_Driver\stm32f3xx_hal_i2c.o
 .text.HAL_I2C_Mem_Write_IT
                0x00000000       0xd8 Drivers\STM32F3xx_HAL_Driver\stm32f3xx_hal_i2c.o
 .text.HAL_I2C_Mem_Read_IT
                0x00000000       0xdc Drivers\STM32F3xx_HAL_Driver\stm32f3xx_hal_i2c.o
 .text.HAL_I2C_Mem_Write_DMA
                0x00000000      0x10c Drivers\STM32F3xx_HAL_Driver\stm32f3xx_hal_i2c.o
 .text.HAL_I2C_Mem_Read_DMA
                0x00000000      0x110 Drivers\STM32F3xx_HAL_Driver\stm32f3xx_hal_i2c.o
 .text.HAL_I2C_IsDeviceReady
                0x00000000      0x114 Drivers\STM32F3xx_HAL_Driver\stm32f3xx_hal_i2c.o
 .text.HAL_I2C_Master_Sequential_Transmit_IT
                0x00000000       0x84 Drivers\STM32F3xx_HAL_Driver\stm32f3xx_hal_i2c.o
 .text.HAL_I2C_Master_Sequential_Receive_IT
                0x00000000       0x84 Drivers\STM32F3xx_HAL_Driver\stm32f3xx_hal_i2c.o
 .text.HAL_I2C_Slave_Sequential_Transmit_IT
                0x00000000       0x90 Drivers\STM32F3xx_HAL_Driver\stm32f3xx_hal_i2c.o
 .text.HAL_I2C_Slave_Sequential_Receive_IT
                0x00000000       0x90 Drivers\STM32F3xx_HAL_Driver\stm32f3xx_hal_i2c.o
 .text.HAL_I2C_EnableListen_IT
                0x00000000       0x28 Drivers\STM32F3xx_HAL_Driver\stm32f3xx_hal_i2c.o
 .text.HAL_I2C_DisableListen_IT
                0x00000000       0x36 Drivers\STM32F3xx_HAL_Driver\stm32f3xx_hal_i2c.o
 .text.HAL_I2C_Master_Abort_IT
                0x00000000       0x64 Drivers\STM32F3xx_HAL_Driver\stm32f3xx_hal_i2c.o
 .text.HAL_I2C_EV_IRQHandler
                0x00000000        0xe Drivers\STM32F3xx_HAL_Driver\stm32f3xx_hal_i2c.o
 .text.HAL_I2C_MasterTxCpltCallback
                0x00000000        0x2 Drivers\STM32F3xx_HAL_Driver\stm32f3xx_hal_i2c.o
 .text.HAL_I2C_MasterRxCpltCallback
                0x00000000        0x2 Drivers\STM32F3xx_HAL_Driver\stm32f3xx_hal_i2c.o
 .text.I2C_ITMasterSequentialCplt
                0x00000000       0x4a Drivers\STM32F3xx_HAL_Driver\stm32f3xx_hal_i2c.o
 .text.HAL_I2C_SlaveTxCpltCallback
                0x00000000        0x2 Drivers\STM32F3xx_HAL_Driver\stm32f3xx_hal_i2c.o
 .text.HAL_I2C_SlaveRxCpltCallback
                0x00000000        0x2 Drivers\STM32F3xx_HAL_Driver\stm32f3xx_hal_i2c.o
 .text.I2C_ITSlaveSequentialCplt
                0x00000000       0x52 Drivers\STM32F3xx_HAL_Driver\stm32f3xx_hal_i2c.o
 .text.HAL_I2C_AddrCallback
                0x00000000        0x2 Drivers\STM32F3xx_HAL_Driver\stm32f3xx_hal_i2c.o
 .text.HAL_I2C_ListenCpltCallback
                0x00000000        0x2 Drivers\STM32F3xx_HAL_Driver\stm32f3xx_hal_i2c.o
 .text.I2C_ITListenCplt
                0x00000000       0x60 Drivers\STM32F3xx_HAL_Driver\stm32f3xx_hal_i2c.o
 .text.HAL_I2C_MemTxCpltCallback
                0x00000000        0x2 Drivers\STM32F3xx_HAL_Driver\stm32f3xx_hal_i2c.o
 .text.HAL_I2C_MemRxCpltCallback
                0x00000000        0x2 Drivers\STM32F3xx_HAL_Driver\stm32f3xx_hal_i2c.o
 .text.HAL_I2C_ErrorCallback
                0x00000000        0x2 Drivers\STM32F3xx_HAL_Driver\stm32f3xx_hal_i2c.o
 .text.HAL_I2C_AbortCpltCallback
                0x00000000        0x2 Drivers\STM32F3xx_HAL_Driver\stm32f3xx_hal_i2c.o
 .text.I2C_ITError
                0x00000000       0xe4 Drivers\STM32F3xx_HAL_Driver\stm32f3xx_hal_i2c.o
 .text.I2C_ITSlaveCplt
                0x00000000      0x100 Drivers\STM32F3xx_HAL_Driver\stm32f3xx_hal_i2c.o
 .text.I2C_Slave_ISR_IT
                0x00000000      0x1b0 Drivers\STM32F3xx_HAL_Driver\stm32f3xx_hal_i2c.o
 .text.I2C_Slave_ISR_DMA
                0x00000000       0x6e Drivers\STM32F3xx_HAL_Driver\stm32f3xx_hal_i2c.o
 .text.I2C_ITMasterCplt
                0x00000000       0xb8 Drivers\STM32F3xx_HAL_Driver\stm32f3xx_hal_i2c.o
 .text.I2C_Master_ISR_IT
                0x00000000      0x11e Drivers\STM32F3xx_HAL_Driver\stm32f3xx_hal_i2c.o
 .text.I2C_Master_ISR_DMA
                0x00000000       0xc6 Drivers\STM32F3xx_HAL_Driver\stm32f3xx_hal_i2c.o
 .text.I2C_DMAError
                0x00000000       0x12 Drivers\STM32F3xx_HAL_Driver\stm32f3xx_hal_i2c.o
 .text.HAL_I2C_ER_IRQHandler
                0x00000000       0x62 Drivers\STM32F3xx_HAL_Driver\stm32f3xx_hal_i2c.o
 .text.I2C_DMAAbort
                0x00000000       0x32 Drivers\STM32F3xx_HAL_Driver\stm32f3xx_hal_i2c.o
 .text.HAL_I2C_GetState
                0x00000000        0x6 Drivers\STM32F3xx_HAL_Driver\stm32f3xx_hal_i2c.o
 .text.HAL_I2C_GetMode
                0x00000000        0x6 Drivers\STM32F3xx_HAL_Driver\stm32f3xx_hal_i2c.o
 .text.HAL_I2C_GetError
                0x00000000        0x4 Drivers\STM32F3xx_HAL_Driver\stm32f3xx_hal_i2c.o
 .debug_info    0x00000000     0x3911 Drivers\STM32F3xx_HAL_Driver\stm32f3xx_hal_i2c.o
 .debug_abbrev  0x00000000      0x3b8 Drivers\STM32F3xx_HAL_Driver\stm32f3xx_hal_i2c.o
 .debug_loc     0x00000000     0x30e5 Drivers\STM32F3xx_HAL_Driver\stm32f3xx_hal_i2c.o
 .debug_aranges
                0x00000000      0x200 Drivers\STM32F3xx_HAL_Driver\stm32f3xx_hal_i2c.o
 .debug_ranges  0x00000000      0x268 Drivers\STM32F3xx_HAL_Driver\stm32f3xx_hal_i2c.o
 .debug_line    0x00000000     0x16a0 Drivers\STM32F3xx_HAL_Driver\stm32f3xx_hal_i2c.o
 .debug_str     0x00000000     0x1347 Drivers\STM32F3xx_HAL_Driver\stm32f3xx_hal_i2c.o
 .comment       0x00000000       0x7d Drivers\STM32F3xx_HAL_Driver\stm32f3xx_hal_i2c.o
 .debug_frame   0x00000000      0x804 Drivers\STM32F3xx_HAL_Driver\stm32f3xx_hal_i2c.o
 .ARM.attributes
                0x00000000       0x39 Drivers\STM32F3xx_HAL_Driver\stm32f3xx_hal_i2c.o
 .text          0x00000000        0x0 Drivers\STM32F3xx_HAL_Driver\stm32f3xx_hal_i2c_ex.o
 .data          0x00000000        0x0 Drivers\STM32F3xx_HAL_Driver\stm32f3xx_hal_i2c_ex.o
 .bss           0x00000000        0x0 Drivers\STM32F3xx_HAL_Driver\stm32f3xx_hal_i2c_ex.o
 .text.HAL_I2CEx_ConfigAnalogFilter
                0x00000000       0x4c Drivers\STM32F3xx_HAL_Driver\stm32f3xx_hal_i2c_ex.o
 .text.HAL_I2CEx_ConfigDigitalFilter
                0x00000000       0x4a Drivers\STM32F3xx_HAL_Driver\stm32f3xx_hal_i2c_ex.o
 .text.HAL_I2CEx_EnableWakeUp
                0x00000000       0x44 Drivers\STM32F3xx_HAL_Driver\stm32f3xx_hal_i2c_ex.o
 .text.HAL_I2CEx_DisableWakeUp
                0x00000000       0x44 Drivers\STM32F3xx_HAL_Driver\stm32f3xx_hal_i2c_ex.o
 .text.HAL_I2CEx_EnableFastModePlus
                0x00000000       0x2c Drivers\STM32F3xx_HAL_Driver\stm32f3xx_hal_i2c_ex.o
 .text.HAL_I2CEx_DisableFastModePlus
                0x00000000       0x2c Drivers\STM32F3xx_HAL_Driver\stm32f3xx_hal_i2c_ex.o
 .debug_info    0x00000000     0x114e Drivers\STM32F3xx_HAL_Driver\stm32f3xx_hal_i2c_ex.o
 .debug_abbrev  0x00000000      0x218 Drivers\STM32F3xx_HAL_Driver\stm32f3xx_hal_i2c_ex.o
 .debug_loc     0x00000000      0x1b8 Drivers\STM32F3xx_HAL_Driver\stm32f3xx_hal_i2c_ex.o
 .debug_aranges
                0x00000000       0x48 Drivers\STM32F3xx_HAL_Driver\stm32f3xx_hal_i2c_ex.o
 .debug_ranges  0x00000000       0x68 Drivers\STM32F3xx_HAL_Driver\stm32f3xx_hal_i2c_ex.o
 .debug_line    0x00000000      0x4d1 Drivers\STM32F3xx_HAL_Driver\stm32f3xx_hal_i2c_ex.o
 .debug_str     0x00000000      0xd31 Drivers\STM32F3xx_HAL_Driver\stm32f3xx_hal_i2c_ex.o
 .comment       0x00000000       0x7d Drivers\STM32F3xx_HAL_Driver\stm32f3xx_hal_i2c_ex.o
 .debug_frame   0x00000000       0x90 Drivers\STM32F3xx_HAL_Driver\stm32f3xx_hal_i2c_ex.o
 .ARM.attributes
                0x00000000       0x39 Drivers\STM32F3xx_HAL_Driver\stm32f3xx_hal_i2c_ex.o
 .text          0x00000000        0x0 Drivers\STM32F3xx_HAL_Driver\stm32f3xx_hal_pwr.o
 .data          0x00000000        0x0 Drivers\STM32F3xx_HAL_Driver\stm32f3xx_hal_pwr.o
 .bss           0x00000000        0x0 Drivers\STM32F3xx_HAL_Driver\stm32f3xx_hal_pwr.o
 .text.HAL_PWR_DeInit
                0x00000000       0x18 Drivers\STM32F3xx_HAL_Driver\stm32f3xx_hal_pwr.o
 .text.HAL_PWR_EnableBkUpAccess
                0x00000000       0x10 Drivers\STM32F3xx_HAL_Driver\stm32f3xx_hal_pwr.o
 .text.HAL_PWR_DisableBkUpAccess
                0x00000000       0x10 Drivers\STM32F3xx_HAL_Driver\stm32f3xx_hal_pwr.o
 .text.HAL_PWR_EnableWakeUpPin
                0x00000000       0x10 Drivers\STM32F3xx_HAL_Driver\stm32f3xx_hal_pwr.o
 .text.HAL_PWR_DisableWakeUpPin
                0x00000000       0x10 Drivers\STM32F3xx_HAL_Driver\stm32f3xx_hal_pwr.o
 .text.HAL_PWR_EnterSLEEPMode
                0x00000000       0x20 Drivers\STM32F3xx_HAL_Driver\stm32f3xx_hal_pwr.o
 .text.HAL_PWR_EnterSTOPMode
                0x00000000       0x38 Drivers\STM32F3xx_HAL_Driver\stm32f3xx_hal_pwr.o
 .text.HAL_PWR_EnterSTANDBYMode
                0x00000000       0x20 Drivers\STM32F3xx_HAL_Driver\stm32f3xx_hal_pwr.o
 .text.HAL_PWR_EnableSleepOnExit
                0x00000000       0x10 Drivers\STM32F3xx_HAL_Driver\stm32f3xx_hal_pwr.o
 .text.HAL_PWR_DisableSleepOnExit
                0x00000000       0x10 Drivers\STM32F3xx_HAL_Driver\stm32f3xx_hal_pwr.o
 .text.HAL_PWR_EnableSEVOnPend
                0x00000000       0x10 Drivers\STM32F3xx_HAL_Driver\stm32f3xx_hal_pwr.o
 .text.HAL_PWR_DisableSEVOnPend
                0x00000000       0x10 Drivers\STM32F3xx_HAL_Driver\stm32f3xx_hal_pwr.o
 .debug_info    0x00000000      0xdc8 Drivers\STM32F3xx_HAL_Driver\stm32f3xx_hal_pwr.o
 .debug_abbrev  0x00000000      0x202 Drivers\STM32F3xx_HAL_Driver\stm32f3xx_hal_pwr.o
 .debug_loc     0x00000000       0x8d Drivers\STM32F3xx_HAL_Driver\stm32f3xx_hal_pwr.o
 .debug_aranges
                0x00000000       0x78 Drivers\STM32F3xx_HAL_Driver\stm32f3xx_hal_pwr.o
 .debug_ranges  0x00000000       0x68 Drivers\STM32F3xx_HAL_Driver\stm32f3xx_hal_pwr.o
 .debug_line    0x00000000      0x402 Drivers\STM32F3xx_HAL_Driver\stm32f3xx_hal_pwr.o
 .debug_str     0x00000000      0x8bb Drivers\STM32F3xx_HAL_Driver\stm32f3xx_hal_pwr.o
 .comment       0x00000000       0x7d Drivers\STM32F3xx_HAL_Driver\stm32f3xx_hal_pwr.o
 .debug_frame   0x00000000       0xd0 Drivers\STM32F3xx_HAL_Driver\stm32f3xx_hal_pwr.o
 .ARM.attributes
                0x00000000       0x39 Drivers\STM32F3xx_HAL_Driver\stm32f3xx_hal_pwr.o
 .text          0x00000000        0x0 Drivers\STM32F3xx_HAL_Driver\stm32f3xx_hal_pwr_ex.o
 .data          0x00000000        0x0 Drivers\STM32F3xx_HAL_Driver\stm32f3xx_hal_pwr_ex.o
 .bss           0x00000000        0x0 Drivers\STM32F3xx_HAL_Driver\stm32f3xx_hal_pwr_ex.o
 .text.HAL_PWR_ConfigPVD
                0x00000000       0x6c Drivers\STM32F3xx_HAL_Driver\stm32f3xx_hal_pwr_ex.o
 .text.HAL_PWR_EnablePVD
                0x00000000       0x10 Drivers\STM32F3xx_HAL_Driver\stm32f3xx_hal_pwr_ex.o
 .text.HAL_PWR_DisablePVD
                0x00000000       0x10 Drivers\STM32F3xx_HAL_Driver\stm32f3xx_hal_pwr_ex.o
 .text.HAL_PWR_PVDCallback
                0x00000000        0x2 Drivers\STM32F3xx_HAL_Driver\stm32f3xx_hal_pwr_ex.o
 .text.HAL_PWR_PVD_IRQHandler
                0x00000000       0x1c Drivers\STM32F3xx_HAL_Driver\stm32f3xx_hal_pwr_ex.o
 .debug_info    0x00000000      0xaf0 Drivers\STM32F3xx_HAL_Driver\stm32f3xx_hal_pwr_ex.o
 .debug_abbrev  0x00000000      0x1da Drivers\STM32F3xx_HAL_Driver\stm32f3xx_hal_pwr_ex.o
 .debug_loc     0x00000000       0x21 Drivers\STM32F3xx_HAL_Driver\stm32f3xx_hal_pwr_ex.o
 .debug_aranges
                0x00000000       0x40 Drivers\STM32F3xx_HAL_Driver\stm32f3xx_hal_pwr_ex.o
 .debug_ranges  0x00000000       0x30 Drivers\STM32F3xx_HAL_Driver\stm32f3xx_hal_pwr_ex.o
 .debug_line    0x00000000      0x3e1 Drivers\STM32F3xx_HAL_Driver\stm32f3xx_hal_pwr_ex.o
 .debug_str     0x00000000      0x789 Drivers\STM32F3xx_HAL_Driver\stm32f3xx_hal_pwr_ex.o
 .comment       0x00000000       0x7d Drivers\STM32F3xx_HAL_Driver\stm32f3xx_hal_pwr_ex.o
 .debug_frame   0x00000000       0x68 Drivers\STM32F3xx_HAL_Driver\stm32f3xx_hal_pwr_ex.o
 .ARM.attributes
                0x00000000       0x39 Drivers\STM32F3xx_HAL_Driver\stm32f3xx_hal_pwr_ex.o
 .text          0x00000000        0x0 Drivers\STM32F3xx_HAL_Driver\stm32f3xx_hal_rcc.o
 .data          0x00000000        0x0 Drivers\STM32F3xx_HAL_Driver\stm32f3xx_hal_rcc.o
 .bss           0x00000000        0x0 Drivers\STM32F3xx_HAL_Driver\stm32f3xx_hal_rcc.o
 .text.HAL_RCC_DeInit
                0x00000000       0x48 Drivers\STM32F3xx_HAL_Driver\stm32f3xx_hal_rcc.o
 .text.HAL_RCC_MCOConfig
                0x00000000       0x50 Drivers\STM32F3xx_HAL_Driver\stm32f3xx_hal_rcc.o
 .text.HAL_RCC_EnableCSS
                0x00000000       0x1c Drivers\STM32F3xx_HAL_Driver\stm32f3xx_hal_rcc.o
 .text.HAL_RCC_DisableCSS
                0x00000000       0x1c Drivers\STM32F3xx_HAL_Driver\stm32f3xx_hal_rcc.o
 .text.HAL_RCC_GetPCLK1Freq
                0x00000000       0x30 Drivers\STM32F3xx_HAL_Driver\stm32f3xx_hal_rcc.o
 .text.HAL_RCC_GetPCLK2Freq
                0x00000000       0x30 Drivers\STM32F3xx_HAL_Driver\stm32f3xx_hal_rcc.o
 .text.HAL_RCC_GetOscConfig
                0x00000000       0x8c Drivers\STM32F3xx_HAL_Driver\stm32f3xx_hal_rcc.o
 .text.HAL_RCC_GetClockConfig
                0x00000000       0x3c Drivers\STM32F3xx_HAL_Driver\stm32f3xx_hal_rcc.o
 .text.HAL_RCC_CSSCallback
                0x00000000        0x2 Drivers\STM32F3xx_HAL_Driver\stm32f3xx_hal_rcc.o
 .text.HAL_RCC_NMI_IRQHandler
                0x00000000       0x20 Drivers\STM32F3xx_HAL_Driver\stm32f3xx_hal_rcc.o
 .text          0x00000000        0x0 Drivers\STM32F3xx_HAL_Driver\stm32f3xx_hal_rcc_ex.o
 .data          0x00000000        0x0 Drivers\STM32F3xx_HAL_Driver\stm32f3xx_hal_rcc_ex.o
 .bss           0x00000000        0x0 Drivers\STM32F3xx_HAL_Driver\stm32f3xx_hal_rcc_ex.o
 .text.RCC_GetPLLCLKFreq
                0x00000000       0x38 Drivers\STM32F3xx_HAL_Driver\stm32f3xx_hal_rcc_ex.o
 .text.HAL_RCCEx_PeriphCLKConfig
                0x00000000      0x15c Drivers\STM32F3xx_HAL_Driver\stm32f3xx_hal_rcc_ex.o
 .text.HAL_RCCEx_GetPeriphCLKConfig
                0x00000000       0x38 Drivers\STM32F3xx_HAL_Driver\stm32f3xx_hal_rcc_ex.o
 .text.HAL_RCCEx_GetPeriphCLKFreq
                0x00000000      0x140 Drivers\STM32F3xx_HAL_Driver\stm32f3xx_hal_rcc_ex.o
 .rodata        0x00000000       0x20 Drivers\STM32F3xx_HAL_Driver\stm32f3xx_hal_rcc_ex.o
 .debug_info    0x00000000      0xe33 Drivers\STM32F3xx_HAL_Driver\stm32f3xx_hal_rcc_ex.o
 .debug_abbrev  0x00000000      0x318 Drivers\STM32F3xx_HAL_Driver\stm32f3xx_hal_rcc_ex.o
 .debug_loc     0x00000000      0x422 Drivers\STM32F3xx_HAL_Driver\stm32f3xx_hal_rcc_ex.o
 .debug_aranges
                0x00000000       0x38 Drivers\STM32F3xx_HAL_Driver\stm32f3xx_hal_rcc_ex.o
 .debug_ranges  0x00000000       0x78 Drivers\STM32F3xx_HAL_Driver\stm32f3xx_hal_rcc_ex.o
 .debug_line    0x00000000      0x578 Drivers\STM32F3xx_HAL_Driver\stm32f3xx_hal_rcc_ex.o
 .debug_str     0x00000000      0x92f Drivers\STM32F3xx_HAL_Driver\stm32f3xx_hal_rcc_ex.o
 .comment       0x00000000       0x7d Drivers\STM32F3xx_HAL_Driver\stm32f3xx_hal_rcc_ex.o
 .debug_frame   0x00000000       0xa4 Drivers\STM32F3xx_HAL_Driver\stm32f3xx_hal_rcc_ex.o
 .ARM.attributes
                0x00000000       0x39 Drivers\STM32F3xx_HAL_Driver\stm32f3xx_hal_rcc_ex.o
 .text          0x00000000        0x0 Drivers\STM32F3xx_HAL_Driver\stm32f3xx_hal_spi.o
 .data          0x00000000        0x0 Drivers\STM32F3xx_HAL_Driver\stm32f3xx_hal_spi.o
 .bss           0x00000000        0x0 Drivers\STM32F3xx_HAL_Driver\stm32f3xx_hal_spi.o
 .text.SPI_AbortRx_ISR
                0x00000000       0x7c Drivers\STM32F3xx_HAL_Driver\stm32f3xx_hal_spi.o
 .text.SPI_AbortTx_ISR
                0x00000000       0x7c Drivers\STM32F3xx_HAL_Driver\stm32f3xx_hal_spi.o
 .text.SPI_EndRxTransaction
                0x00000000       0x6e Drivers\STM32F3xx_HAL_Driver\stm32f3xx_hal_spi.o
 .text.HAL_SPI_MspInit
                0x00000000        0x2 Drivers\STM32F3xx_HAL_Driver\stm32f3xx_hal_spi.o
 .text.HAL_SPI_MspDeInit
                0x00000000        0x2 Drivers\STM32F3xx_HAL_Driver\stm32f3xx_hal_spi.o
 .text.HAL_SPI_DeInit
                0x00000000       0x2c Drivers\STM32F3xx_HAL_Driver\stm32f3xx_hal_spi.o
 .text.HAL_SPI_Receive
                0x00000000      0x152 Drivers\STM32F3xx_HAL_Driver\stm32f3xx_hal_spi.o
 .text.HAL_SPI_Transmit_IT
                0x00000000       0x94 Drivers\STM32F3xx_HAL_Driver\stm32f3xx_hal_spi.o
 .text.HAL_SPI_TransmitReceive_IT
                0x00000000       0xd8 Drivers\STM32F3xx_HAL_Driver\stm32f3xx_hal_spi.o
 .text.HAL_SPI_Receive_IT
                0x00000000       0xc4 Drivers\STM32F3xx_HAL_Driver\stm32f3xx_hal_spi.o
 .text.HAL_SPI_Transmit_DMA
                0x00000000       0xf0 Drivers\STM32F3xx_HAL_Driver\stm32f3xx_hal_spi.o
 .text.HAL_SPI_TransmitReceive_DMA
                0x00000000      0x1a0 Drivers\STM32F3xx_HAL_Driver\stm32f3xx_hal_spi.o
 .text.HAL_SPI_Receive_DMA
                0x00000000      0x130 Drivers\STM32F3xx_HAL_Driver\stm32f3xx_hal_spi.o
 .text.HAL_SPI_Abort
                0x00000000      0x174 Drivers\STM32F3xx_HAL_Driver\stm32f3xx_hal_spi.o
 .text.HAL_SPI_DMAPause
                0x00000000       0x20 Drivers\STM32F3xx_HAL_Driver\stm32f3xx_hal_spi.o
 .text.HAL_SPI_DMAResume
                0x00000000       0x20 Drivers\STM32F3xx_HAL_Driver\stm32f3xx_hal_spi.o
 .text.HAL_SPI_DMAStop
                0x00000000       0x28 Drivers\STM32F3xx_HAL_Driver\stm32f3xx_hal_spi.o
 .text.HAL_SPI_TxCpltCallback
                0x00000000        0x2 Drivers\STM32F3xx_HAL_Driver\stm32f3xx_hal_spi.o
 .text.HAL_SPI_RxCpltCallback
                0x00000000        0x2 Drivers\STM32F3xx_HAL_Driver\stm32f3xx_hal_spi.o
 .text.HAL_SPI_TxRxCpltCallback
                0x00000000        0x2 Drivers\STM32F3xx_HAL_Driver\stm32f3xx_hal_spi.o
 .text.HAL_SPI_TxHalfCpltCallback
                0x00000000        0x2 Drivers\STM32F3xx_HAL_Driver\stm32f3xx_hal_spi.o
 .text.SPI_DMAHalfTransmitCplt
                0x00000000        0xa Drivers\STM32F3xx_HAL_Driver\stm32f3xx_hal_spi.o
 .text.HAL_SPI_RxHalfCpltCallback
                0x00000000        0x2 Drivers\STM32F3xx_HAL_Driver\stm32f3xx_hal_spi.o
 .text.SPI_DMAHalfReceiveCplt
                0x00000000        0xa Drivers\STM32F3xx_HAL_Driver\stm32f3xx_hal_spi.o
 .text.HAL_SPI_TxRxHalfCpltCallback
                0x00000000        0x2 Drivers\STM32F3xx_HAL_Driver\stm32f3xx_hal_spi.o
 .text.SPI_DMAHalfTransmitReceiveCplt
                0x00000000        0xa Drivers\STM32F3xx_HAL_Driver\stm32f3xx_hal_spi.o
 .text.HAL_SPI_ErrorCallback
                0x00000000        0x2 Drivers\STM32F3xx_HAL_Driver\stm32f3xx_hal_spi.o
 .text.SPI_CloseTx_ISR
                0x00000000       0x52 Drivers\STM32F3xx_HAL_Driver\stm32f3xx_hal_spi.o
 .text.SPI_TxISR_8BIT
                0x00000000       0x2a Drivers\STM32F3xx_HAL_Driver\stm32f3xx_hal_spi.o
 .text.SPI_TxISR_16BIT
                0x00000000       0x2a Drivers\STM32F3xx_HAL_Driver\stm32f3xx_hal_spi.o
 .text.SPI_CloseRx_ISR
                0x00000000       0x3e Drivers\STM32F3xx_HAL_Driver\stm32f3xx_hal_spi.o
 .text.SPI_RxISR_8BIT
                0x00000000       0x26 Drivers\STM32F3xx_HAL_Driver\stm32f3xx_hal_spi.o
 .text.SPI_RxISR_16BIT
                0x00000000       0x26 Drivers\STM32F3xx_HAL_Driver\stm32f3xx_hal_spi.o
 .text.SPI_CloseRxTx_ISR
                0x00000000       0x56 Drivers\STM32F3xx_HAL_Driver\stm32f3xx_hal_spi.o
 .text.SPI_2linesTxISR_8BIT
                0x00000000       0x48 Drivers\STM32F3xx_HAL_Driver\stm32f3xx_hal_spi.o
 .text.SPI_2linesRxISR_8BIT
                0x00000000       0x68 Drivers\STM32F3xx_HAL_Driver\stm32f3xx_hal_spi.o
 .text.SPI_2linesTxISR_16BIT
                0x00000000       0x3a Drivers\STM32F3xx_HAL_Driver\stm32f3xx_hal_spi.o
 .text.SPI_2linesRxISR_16BIT
                0x00000000       0x3e Drivers\STM32F3xx_HAL_Driver\stm32f3xx_hal_spi.o
 .text.SPI_DMAError
                0x00000000       0x22 Drivers\STM32F3xx_HAL_Driver\stm32f3xx_hal_spi.o
 .text.SPI_DMATransmitCplt
                0x00000000       0x6a Drivers\STM32F3xx_HAL_Driver\stm32f3xx_hal_spi.o
 .text.SPI_DMAReceiveCplt
                0x00000000       0x54 Drivers\STM32F3xx_HAL_Driver\stm32f3xx_hal_spi.o
 .text.SPI_DMATransmitReceiveCplt
                0x00000000       0x5c Drivers\STM32F3xx_HAL_Driver\stm32f3xx_hal_spi.o
 .text.HAL_SPI_IRQHandler
                0x00000000       0xe8 Drivers\STM32F3xx_HAL_Driver\stm32f3xx_hal_spi.o
 .text.SPI_DMAAbortOnError
                0x00000000       0x12 Drivers\STM32F3xx_HAL_Driver\stm32f3xx_hal_spi.o
 .text.HAL_SPI_AbortCpltCallback
                0x00000000        0x2 Drivers\STM32F3xx_HAL_Driver\stm32f3xx_hal_spi.o
 .text.HAL_SPI_Abort_IT
                0x00000000      0x170 Drivers\STM32F3xx_HAL_Driver\stm32f3xx_hal_spi.o
 .text.SPI_DMARxAbortCallback
                0x00000000       0x86 Drivers\STM32F3xx_HAL_Driver\stm32f3xx_hal_spi.o
 .text.SPI_DMATxAbortCallback
                0x00000000       0x88 Drivers\STM32F3xx_HAL_Driver\stm32f3xx_hal_spi.o
 .text.HAL_SPI_GetError
                0x00000000        0x4 Drivers\STM32F3xx_HAL_Driver\stm32f3xx_hal_spi.o
 .text          0x00000000        0x0 Drivers\STM32F3xx_HAL_Driver\stm32f3xx_hal_spi_ex.o
 .data          0x00000000        0x0 Drivers\STM32F3xx_HAL_Driver\stm32f3xx_hal_spi_ex.o
 .bss           0x00000000        0x0 Drivers\STM32F3xx_HAL_Driver\stm32f3xx_hal_spi_ex.o
 .text.HAL_SPIEx_FlushRxFifo
                0x00000000       0x24 Drivers\STM32F3xx_HAL_Driver\stm32f3xx_hal_spi_ex.o
 .debug_info    0x00000000      0xe39 Drivers\STM32F3xx_HAL_Driver\stm32f3xx_hal_spi_ex.o
 .debug_abbrev  0x00000000      0x1ce Drivers\STM32F3xx_HAL_Driver\stm32f3xx_hal_spi_ex.o
 .debug_loc     0x00000000       0x53 Drivers\STM32F3xx_HAL_Driver\stm32f3xx_hal_spi_ex.o
 .debug_aranges
                0x00000000       0x20 Drivers\STM32F3xx_HAL_Driver\stm32f3xx_hal_spi_ex.o
 .debug_ranges  0x00000000       0x10 Drivers\STM32F3xx_HAL_Driver\stm32f3xx_hal_spi_ex.o
 .debug_line    0x00000000      0x3b8 Drivers\STM32F3xx_HAL_Driver\stm32f3xx_hal_spi_ex.o
 .debug_str     0x00000000      0xad3 Drivers\STM32F3xx_HAL_Driver\stm32f3xx_hal_spi_ex.o
 .comment       0x00000000       0x7d Drivers\STM32F3xx_HAL_Driver\stm32f3xx_hal_spi_ex.o
 .debug_frame   0x00000000       0x2c Drivers\STM32F3xx_HAL_Driver\stm32f3xx_hal_spi_ex.o
 .ARM.attributes
                0x00000000       0x39 Drivers\STM32F3xx_HAL_Driver\stm32f3xx_hal_spi_ex.o
 .text          0x00000000        0x0 Drivers\STM32F3xx_HAL_Driver\stm32f3xx_hal_tim.o
 .data          0x00000000        0x0 Drivers\STM32F3xx_HAL_Driver\stm32f3xx_hal_tim.o
 .bss           0x00000000        0x0 Drivers\STM32F3xx_HAL_Driver\stm32f3xx_hal_tim.o
 .debug_info    0x00000000      0x927 Drivers\STM32F3xx_HAL_Driver\stm32f3xx_hal_tim.o
 .debug_abbrev  0x00000000      0x15c Drivers\STM32F3xx_HAL_Driver\stm32f3xx_hal_tim.o
 .debug_aranges
                0x00000000       0x18 Drivers\STM32F3xx_HAL_Driver\stm32f3xx_hal_tim.o
 .debug_line    0x00000000      0x273 Drivers\STM32F3xx_HAL_Driver\stm32f3xx_hal_tim.o
 .debug_str     0x00000000      0x69c Drivers\STM32F3xx_HAL_Driver\stm32f3xx_hal_tim.o
 .comment       0x00000000       0x7d Drivers\STM32F3xx_HAL_Driver\stm32f3xx_hal_tim.o
 .ARM.attributes
                0x00000000       0x39 Drivers\STM32F3xx_HAL_Driver\stm32f3xx_hal_tim.o
 .text          0x00000000        0x0 Drivers\STM32F3xx_HAL_Driver\stm32f3xx_hal_tim_ex.o
 .data          0x00000000        0x0 Drivers\STM32F3xx_HAL_Driver\stm32f3xx_hal_tim_ex.o
 .bss           0x00000000        0x0 Drivers\STM32F3xx_HAL_Driver\stm32f3xx_hal_tim_ex.o
 .debug_info    0x00000000      0x927 Drivers\STM32F3xx_HAL_Driver\stm32f3xx_hal_tim_ex.o
 .debug_abbrev  0x00000000      0x15c Drivers\STM32F3xx_HAL_Driver\stm32f3xx_hal_tim_ex.o
 .debug_aranges
                0x00000000       0x18 Drivers\STM32F3xx_HAL_Driver\stm32f3xx_hal_tim_ex.o
 .debug_line    0x00000000      0x273 Drivers\STM32F3xx_HAL_Driver\stm32f3xx_hal_tim_ex.o
 .debug_str     0x00000000      0x69f Drivers\STM32F3xx_HAL_Driver\stm32f3xx_hal_tim_ex.o
 .comment       0x00000000       0x7d Drivers\STM32F3xx_HAL_Driver\stm32f3xx_hal_tim_ex.o
 .ARM.attributes
                0x00000000       0x39 Drivers\STM32F3xx_HAL_Driver\stm32f3xx_hal_tim_ex.o
 .text          0x00000000        0x0 Src\gpio.o
 .data          0x00000000        0x0 Src\gpio.o
 .bss           0x00000000        0x0 Src\gpio.o
 .text          0x00000000        0x0 Src\main.o
 .data          0x00000000        0x0 Src\main.o
 .bss           0x00000000        0x0 Src\main.o
 .rodata.firmware_length
                0x00000000        0x4 Src\main.o
 .text          0x00000000        0x0 Src\spi.o
 .data          0x00000000        0x0 Src\spi.o
 .bss           0x00000000        0x0 Src\spi.o
 .text.HAL_SPI_MspDeInit
                0x00000000       0x28 Src\spi.o
 .text          0x00000000        0x0 Src\stm32f3xx_hal_msp.o
 .data          0x00000000        0x0 Src\stm32f3xx_hal_msp.o
 .bss           0x00000000        0x0 Src\stm32f3xx_hal_msp.o
 .text          0x00000000        0x0 Src\stm32f3xx_it.o
 .data          0x00000000        0x0 Src\stm32f3xx_it.o
 .bss           0x00000000        0x0 Src\stm32f3xx_it.o
 .text          0x00000000        0x0 Src\system_stm32f3xx.o
 .data          0x00000000        0x0 Src\system_stm32f3xx.o
 .bss           0x00000000        0x0 Src\system_stm32f3xx.o
 .text.SystemCoreClockUpdate
                0x00000000       0x68 Src\system_stm32f3xx.o
 .rodata.APBPrescTable
                0x00000000        0x8 Src\system_stm32f3xx.o
 .text          0x00000000       0x14 startup\startup_stm32f303x8.o
 .data          0x00000000        0x0 startup\startup_stm32f303x8.o
 .bss           0x00000000        0x0 startup\startup_stm32f303x8.o
 .text          0x00000000        0x0 c:/program files (x86)/atollic/truestudio for stm32 9.0.0/armtools/bin/../lib/gcc/arm-atollic-eabi/6.3.1/../../../../arm-atollic-eabi/lib/armv7e-m/fpu\libc_nano.a(lib_a-init.o)
 .data          0x00000000        0x0 c:/program files (x86)/atollic/truestudio for stm32 9.0.0/armtools/bin/../lib/gcc/arm-atollic-eabi/6.3.1/../../../../arm-atollic-eabi/lib/armv7e-m/fpu\libc_nano.a(lib_a-init.o)
 .bss           0x00000000        0x0 c:/program files (x86)/atollic/truestudio for stm32 9.0.0/armtools/bin/../lib/gcc/arm-atollic-eabi/6.3.1/../../../../arm-atollic-eabi/lib/armv7e-m/fpu\libc_nano.a(lib_a-init.o)
 .text          0x00000000       0x18 c:/program files (x86)/atollic/truestudio for stm32 9.0.0/armtools/bin/../lib/gcc/arm-atollic-eabi/6.3.1/armv7e-m/fpu\libgcc.a(_lshrdi3.o)
 .data          0x00000000        0x0 c:/program files (x86)/atollic/truestudio for stm32 9.0.0/armtools/bin/../lib/gcc/arm-atollic-eabi/6.3.1/armv7e-m/fpu\libgcc.a(_lshrdi3.o)
 .bss           0x00000000        0x0 c:/program files (x86)/atollic/truestudio for stm32 9.0.0/armtools/bin/../lib/gcc/arm-atollic-eabi/6.3.1/armv7e-m/fpu\libgcc.a(_lshrdi3.o)
 .ARM.attributes
                0x00000000       0x22 c:/program files (x86)/atollic/truestudio for stm32 9.0.0/armtools/bin/../lib/gcc/arm-atollic-eabi/6.3.1/armv7e-m/fpu\libgcc.a(_lshrdi3.o)
 .text          0x00000000        0x0 c:/program files (x86)/atollic/truestudio for stm32 9.0.0/armtools/bin/../lib/gcc/arm-atollic-eabi/6.3.1/armv7e-m/fpu/crtend.o
 .data          0x00000000        0x0 c:/program files (x86)/atollic/truestudio for stm32 9.0.0/armtools/bin/../lib/gcc/arm-atollic-eabi/6.3.1/armv7e-m/fpu/crtend.o
 .bss           0x00000000        0x0 c:/program files (x86)/atollic/truestudio for stm32 9.0.0/armtools/bin/../lib/gcc/arm-atollic-eabi/6.3.1/armv7e-m/fpu/crtend.o
 .eh_frame      0x00000000        0x4 c:/program files (x86)/atollic/truestudio for stm32 9.0.0/armtools/bin/../lib/gcc/arm-atollic-eabi/6.3.1/armv7e-m/fpu/crtend.o
 .ARM.attributes
                0x00000000       0x34 c:/program files (x86)/atollic/truestudio for stm32 9.0.0/armtools/bin/../lib/gcc/arm-atollic-eabi/6.3.1/armv7e-m/fpu/crtend.o
 .text          0x00000000        0x0 c:/program files (x86)/atollic/truestudio for stm32 9.0.0/armtools/bin/../lib/gcc/arm-atollic-eabi/6.3.1/armv7e-m/fpu/crtn.o
 .data          0x00000000        0x0 c:/program files (x86)/atollic/truestudio for stm32 9.0.0/armtools/bin/../lib/gcc/arm-atollic-eabi/6.3.1/armv7e-m/fpu/crtn.o
 .bss           0x00000000        0x0 c:/program files (x86)/atollic/truestudio for stm32 9.0.0/armtools/bin/../lib/gcc/arm-atollic-eabi/6.3.1/armv7e-m/fpu/crtn.o

Memory Configuration

Name             Origin             Length             Attributes
RAM              0x20000000         0x00003000         xrw
CCMRAM           0x10000000         0x00001000         rw
FLASH            0x08000000         0x00010000         xr
*default*        0x00000000         0xffffffff

Linker script and memory map

LOAD c:/program files (x86)/atollic/truestudio for stm32 9.0.0/armtools/bin/../lib/gcc/arm-atollic-eabi/6.3.1/armv7e-m/fpu/crti.o
LOAD c:/program files (x86)/atollic/truestudio for stm32 9.0.0/armtools/bin/../lib/gcc/arm-atollic-eabi/6.3.1/armv7e-m/fpu/crtbegin.o
LOAD Drivers\STM32F3xx_HAL_Driver\stm32f3xx_hal.o
LOAD Drivers\STM32F3xx_HAL_Driver\stm32f3xx_hal_cortex.o
LOAD Drivers\STM32F3xx_HAL_Driver\stm32f3xx_hal_dma.o
LOAD Drivers\STM32F3xx_HAL_Driver\stm32f3xx_hal_flash.o
LOAD Drivers\STM32F3xx_HAL_Driver\stm32f3xx_hal_flash_ex.o
LOAD Drivers\STM32F3xx_HAL_Driver\stm32f3xx_hal_gpio.o
LOAD Drivers\STM32F3xx_HAL_Driver\stm32f3xx_hal_i2c.o
LOAD Drivers\STM32F3xx_HAL_Driver\stm32f3xx_hal_i2c_ex.o
LOAD Drivers\STM32F3xx_HAL_Driver\stm32f3xx_hal_pwr.o
LOAD Drivers\STM32F3xx_HAL_Driver\stm32f3xx_hal_pwr_ex.o
LOAD Drivers\STM32F3xx_HAL_Driver\stm32f3xx_hal_rcc.o
LOAD Drivers\STM32F3xx_HAL_Driver\stm32f3xx_hal_rcc_ex.o
LOAD Drivers\STM32F3xx_HAL_Driver\stm32f3xx_hal_spi.o
LOAD Drivers\STM32F3xx_HAL_Driver\stm32f3xx_hal_spi_ex.o
LOAD Drivers\STM32F3xx_HAL_Driver\stm32f3xx_hal_tim.o
LOAD Drivers\STM32F3xx_HAL_Driver\stm32f3xx_hal_tim_ex.o
LOAD Src\gpio.o
LOAD Src\main.o
LOAD Src\spi.o
LOAD Src\stm32f3xx_hal_msp.o
LOAD Src\stm32f3xx_it.o
LOAD Src\system_stm32f3xx.o
LOAD startup\startup_stm32f303x8.o
                0x00000080                malloc_getpagesize_P = 0x80
START GROUP
LOAD c:/program files (x86)/atollic/truestudio for stm32 9.0.0/armtools/bin/../lib/gcc/arm-atollic-eabi/6.3.1/../../../../arm-atollic-eabi/lib/armv7e-m/fpu\libc_nano.a
LOAD c:/program files (x86)/atollic/truestudio for stm32 9.0.0/armtools/bin/../lib/gcc/arm-atollic-eabi/6.3.1/../../../../arm-atollic-eabi/lib/armv7e-m/fpu\libm.a
END GROUP
START GROUP
LOAD c:/program files (x86)/atollic/truestudio for stm32 9.0.0/armtools/bin/../lib/gcc/arm-atollic-eabi/6.3.1/armv7e-m/fpu\libgcc.a
LOAD c:/program files (x86)/atollic/truestudio for stm32 9.0.0/armtools/bin/../lib/gcc/arm-atollic-eabi/6.3.1/../../../../arm-atollic-eabi/lib/armv7e-m/fpu\libc_nano.a
END GROUP
START GROUP
LOAD c:/program files (x86)/atollic/truestudio for stm32 9.0.0/armtools/bin/../lib/gcc/arm-atollic-eabi/6.3.1/armv7e-m/fpu\libgcc.a
LOAD c:/program files (x86)/atollic/truestudio for stm32 9.0.0/armtools/bin/../lib/gcc/arm-atollic-eabi/6.3.1/../../../../arm-atollic-eabi/lib/armv7e-m/fpu\libc_nano.a
LOAD c:/program files (x86)/atollic/truestudio for stm32 9.0.0/armtools/bin/../lib/gcc/arm-atollic-eabi/6.3.1/../../../../arm-atollic-eabi/lib/armv7e-m/fpu\libnosys.a
END GROUP
START GROUP
LOAD c:/program files (x86)/atollic/truestudio for stm32 9.0.0/armtools/bin/../lib/gcc/arm-atollic-eabi/6.3.1/armv7e-m/fpu\libgcc.a
LOAD c:/program files (x86)/atollic/truestudio for stm32 9.0.0/armtools/bin/../lib/gcc/arm-atollic-eabi/6.3.1/../../../../arm-atollic-eabi/lib/armv7e-m/fpu\libc_nano.a
LOAD c:/program files (x86)/atollic/truestudio for stm32 9.0.0/armtools/bin/../lib/gcc/arm-atollic-eabi/6.3.1/../../../../arm-atollic-eabi/lib/armv7e-m/fpu\libnosys.a
END GROUP
LOAD c:/program files (x86)/atollic/truestudio for stm32 9.0.0/armtools/bin/../lib/gcc/arm-atollic-eabi/6.3.1/armv7e-m/fpu/crtend.o
LOAD c:/program files (x86)/atollic/truestudio for stm32 9.0.0/armtools/bin/../lib/gcc/arm-atollic-eabi/6.3.1/armv7e-m/fpu/crtn.o
                0x20003000                _estack = 0x20003000
                0x00000200                _Min_Heap_Size = 0x200
                0x00000400                _Min_Stack_Size = 0x400

.isr_vector     0x08000000      0x188
                0x08000000                . = ALIGN (0x4)
 *(.isr_vector)
 .isr_vector    0x08000000      0x188 startup\startup_stm32f303x8.o
                0x08000000                g_pfnVectors
                0x08000188                . = ALIGN (0x4)

.text           0x08000188     0x14e4
                0x08000188                . = ALIGN (0x4)
 *(.text)
 .text          0x08000188       0x40 c:/program files (x86)/atollic/truestudio for stm32 9.0.0/armtools/bin/../lib/gcc/arm-atollic-eabi/6.3.1/armv7e-m/fpu/crtbegin.o
 *(.text*)
 .text.HAL_InitTick
                0x080001c8       0x48 Drivers\STM32F3xx_HAL_Driver\stm32f3xx_hal.o
                0x080001c8                HAL_InitTick
 .text.HAL_Init
                0x08000210       0x24 Drivers\STM32F3xx_HAL_Driver\stm32f3xx_hal.o
                0x08000210                HAL_Init
 .text.HAL_IncTick
                0x08000234       0x18 Drivers\STM32F3xx_HAL_Driver\stm32f3xx_hal.o
                0x08000234                HAL_IncTick
 .text.HAL_GetTick
                0x0800024c        0xc Drivers\STM32F3xx_HAL_Driver\stm32f3xx_hal.o
                0x0800024c                HAL_GetTick
 .text.HAL_Delay
                0x08000258       0x28 Drivers\STM32F3xx_HAL_Driver\stm32f3xx_hal.o
                0x08000258                HAL_Delay
 .text.HAL_NVIC_SetPriorityGrouping
                0x08000280       0x24 Drivers\STM32F3xx_HAL_Driver\stm32f3xx_hal_cortex.o
                0x08000280                HAL_NVIC_SetPriorityGrouping
 .text.HAL_NVIC_SetPriority
                0x080002a4       0x68 Drivers\STM32F3xx_HAL_Driver\stm32f3xx_hal_cortex.o
                0x080002a4                HAL_NVIC_SetPriority
 .text.HAL_SYSTICK_Config
                0x0800030c       0x2c Drivers\STM32F3xx_HAL_Driver\stm32f3xx_hal_cortex.o
                0x0800030c                HAL_SYSTICK_Config
 .text.HAL_SYSTICK_CLKSourceConfig
                0x08000338       0x18 Drivers\STM32F3xx_HAL_Driver\stm32f3xx_hal_cortex.o
                0x08000338                HAL_SYSTICK_CLKSourceConfig
 .text.HAL_SYSTICK_Callback
                0x08000350        0x2 Drivers\STM32F3xx_HAL_Driver\stm32f3xx_hal_cortex.o
                0x08000350                HAL_SYSTICK_Callback
 .text.HAL_SYSTICK_IRQHandler
                0x08000352        0x8 Drivers\STM32F3xx_HAL_Driver\stm32f3xx_hal_cortex.o
                0x08000352                HAL_SYSTICK_IRQHandler
 *fill*         0x0800035a        0x2 
 .text.HAL_GPIO_Init
                0x0800035c      0x174 Drivers\STM32F3xx_HAL_Driver\stm32f3xx_hal_gpio.o
                0x0800035c                HAL_GPIO_Init
 .text.HAL_GPIO_WritePin
                0x080004d0        0xa Drivers\STM32F3xx_HAL_Driver\stm32f3xx_hal_gpio.o
                0x080004d0                HAL_GPIO_WritePin
 *fill*         0x080004da        0x2 
 .text.HAL_RCC_OscConfig
                0x080004dc      0x4e4 Drivers\STM32F3xx_HAL_Driver\stm32f3xx_hal_rcc.o
                0x080004dc                HAL_RCC_OscConfig
 .text.HAL_RCC_GetSysClockFreq
                0x080009c0       0x64 Drivers\STM32F3xx_HAL_Driver\stm32f3xx_hal_rcc.o
                0x080009c0                HAL_RCC_GetSysClockFreq
 .text.HAL_RCC_ClockConfig
                0x08000a24      0x184 Drivers\STM32F3xx_HAL_Driver\stm32f3xx_hal_rcc.o
                0x08000a24                HAL_RCC_ClockConfig
 .text.HAL_RCC_GetHCLKFreq
                0x08000ba8        0xc Drivers\STM32F3xx_HAL_Driver\stm32f3xx_hal_rcc.o
                0x08000ba8                HAL_RCC_GetHCLKFreq
 .text.SPI_WaitFifoStateUntilTimeout.part.1
                0x08000bb4       0x50 Drivers\STM32F3xx_HAL_Driver\stm32f3xx_hal_spi.o
 .text.SPI_WaitFlagStateUntilTimeout.constprop.10
                0x08000c04       0x30 Drivers\STM32F3xx_HAL_Driver\stm32f3xx_hal_spi.o
 .text.SPI_WaitFifoStateUntilTimeout.constprop.11
                0x08000c34       0x40 Drivers\STM32F3xx_HAL_Driver\stm32f3xx_hal_spi.o
 .text.SPI_EndRxTxTransaction
                0x08000c74       0x44 Drivers\STM32F3xx_HAL_Driver\stm32f3xx_hal_spi.o
 .text.HAL_SPI_Init
                0x08000cb8       0xa2 Drivers\STM32F3xx_HAL_Driver\stm32f3xx_hal_spi.o
                0x08000cb8                HAL_SPI_Init
 .text.HAL_SPI_Transmit
                0x08000d5a      0x17c Drivers\STM32F3xx_HAL_Driver\stm32f3xx_hal_spi.o
                0x08000d5a                HAL_SPI_Transmit
 .text.HAL_SPI_TransmitReceive
                0x08000ed6      0x258 Drivers\STM32F3xx_HAL_Driver\stm32f3xx_hal_spi.o
                0x08000ed6                HAL_SPI_TransmitReceive
 .text.HAL_SPI_GetState
                0x0800112e        0x6 Drivers\STM32F3xx_HAL_Driver\stm32f3xx_hal_spi.o
                0x0800112e                HAL_SPI_GetState
 .text.MX_GPIO_Init
                0x08001134       0x44 Src\gpio.o
                0x08001134                MX_GPIO_Init
 .text.SystemClock_Config
                0x08001178       0x5e Src\main.o
                0x08001178                SystemClock_Config
 *fill*         0x080011d6        0x2 
 .text.adns_write_reg
                0x080011d8       0x48 Src\main.o
                0x080011d8                adns_write_reg
 .text.adns_read_reg
                0x08001220       0x4c Src\main.o
                0x08001220                adns_read_reg
 .text.get_micros
                0x0800126c       0x20 Src\main.o
                0x0800126c                get_micros
 .text.delay_us
                0x0800128c       0x1c Src\main.o
                0x0800128c                delay_us
 .text.adns_upload_firmware
                0x080012a8       0x98 Src\main.o
                0x080012a8                adns_upload_firmware
 .text.adns_perform_startup
                0x08001340       0x88 Src\main.o
                0x08001340                adns_perform_startup
 .text.startup.main
                0x080013c8       0x4a Src\main.o
                0x080013c8                main
 .text._Error_Handler
                0x08001412        0x2 Src\main.o
                0x08001412                _Error_Handler
 .text.MX_SPI1_Init
                0x08001414       0x58 Src\spi.o
                0x08001414                MX_SPI1_Init
 .text.HAL_SPI_MspInit
                0x0800146c       0x48 Src\spi.o
                0x0800146c                HAL_SPI_MspInit
 .text.HAL_MspInit
                0x080014b4       0x7c Src\stm32f3xx_hal_msp.o
                0x080014b4                HAL_MspInit
 .text.NMI_Handler
                0x08001530        0x2 Src\stm32f3xx_it.o
                0x08001530                NMI_Handler
 .text.HardFault_Handler
                0x08001532        0x2 Src\stm32f3xx_it.o
                0x08001532                HardFault_Handler
 .text.MemManage_Handler
                0x08001534        0x2 Src\stm32f3xx_it.o
                0x08001534                MemManage_Handler
 .text.BusFault_Handler
                0x08001536        0x2 Src\stm32f3xx_it.o
                0x08001536                BusFault_Handler
 .text.UsageFault_Handler
                0x08001538        0x2 Src\stm32f3xx_it.o
                0x08001538                UsageFault_Handler
 .text.SVC_Handler
                0x0800153a        0x2 Src\stm32f3xx_it.o
                0x0800153a                SVC_Handler
 .text.DebugMon_Handler
                0x0800153c        0x2 Src\stm32f3xx_it.o
                0x0800153c                DebugMon_Handler
 .text.PendSV_Handler
                0x0800153e        0x2 Src\stm32f3xx_it.o
                0x0800153e                PendSV_Handler
 .text.SysTick_Handler
                0x08001540        0xe Src\stm32f3xx_it.o
                0x08001540                SysTick_Handler
 *fill*         0x0800154e        0x2 
 .text.SystemInit
                0x08001550       0x68 Src\system_stm32f3xx.o
                0x08001550                SystemInit
 .text.Reset_Handler
                0x080015b8       0x50 startup\startup_stm32f303x8.o
                0x080015b8                Reset_Handler
 .text.Default_Handler
                0x08001608        0x2 startup\startup_stm32f303x8.o
                0x08001608                RTC_Alarm_IRQHandler
                0x08001608                TIM1_CC_IRQHandler
                0x08001608                PVD_IRQHandler
                0x08001608                TAMP_STAMP_IRQHandler
                0x08001608                EXTI3_IRQHandler
                0x08001608                EXTI0_IRQHandler
                0x08001608                FPU_IRQHandler
                0x08001608                CAN_TX_IRQHandler
                0x08001608                TIM1_UP_TIM16_IRQHandler
                0x08001608                ADC1_2_IRQHandler
                0x08001608                SPI1_IRQHandler
                0x08001608                CAN_SCE_IRQHandler
                0x08001608                DMA1_Channel4_IRQHandler
                0x08001608                USART3_IRQHandler
                0x08001608                DMA1_Channel7_IRQHandler
                0x08001608                TIM7_DAC2_IRQHandler
                0x08001608                CAN_RX1_IRQHandler
                0x08001608                I2C1_EV_IRQHandler
                0x08001608                DMA1_Channel6_IRQHandler
                0x08001608                TIM3_IRQHandler
                0x08001608                RCC_IRQHandler
                0x08001608                DMA1_Channel1_IRQHandler
                0x08001608                Default_Handler
                0x08001608                EXTI15_10_IRQHandler
                0x08001608                COMP2_IRQHandler
                0x08001608                TIM6_DAC1_IRQHandler
                0x08001608                EXTI9_5_IRQHandler
                0x08001608                RTC_WKUP_IRQHandler
                0x08001608                DMA1_Channel5_IRQHandler
                0x08001608                EXTI4_IRQHandler
                0x08001608                TIM1_TRG_COM_TIM17_IRQHandler
                0x08001608                DMA1_Channel3_IRQHandler
                0x08001608                WWDG_IRQHandler
                0x08001608                TIM2_IRQHandler
                0x08001608                EXTI1_IRQHandler
                0x08001608                COMP4_6_IRQHandler
                0x08001608                USART2_IRQHandler
                0x08001608                DMA1_Channel2_IRQHandler
                0x08001608                FLASH_IRQHandler
                0x08001608                USART1_IRQHandler
                0x08001608                CAN_RX0_IRQHandler
                0x08001608                I2C1_ER_IRQHandler
                0x08001608                EXTI2_TSC_IRQHandler
                0x08001608                TIM1_BRK_TIM15_IRQHandler
 *fill*         0x0800160a        0x2 
 .text.__libc_init_array
                0x0800160c       0x48 c:/program files (x86)/atollic/truestudio for stm32 9.0.0/armtools/bin/../lib/gcc/arm-atollic-eabi/6.3.1/../../../../arm-atollic-eabi/lib/armv7e-m/fpu\libc_nano.a(lib_a-init.o)
                0x0800160c                __libc_init_array
 *(.glue_7)
 .glue_7        0x08001654        0x0 linker stubs
 *(.glue_7t)
 .glue_7t       0x08001654        0x0 linker stubs
 *(.eh_frame)
 .eh_frame      0x08001654        0x0 c:/program files (x86)/atollic/truestudio for stm32 9.0.0/armtools/bin/../lib/gcc/arm-atollic-eabi/6.3.1/armv7e-m/fpu/crtbegin.o
 *(.init)
 .init          0x08001654        0x4 c:/program files (x86)/atollic/truestudio for stm32 9.0.0/armtools/bin/../lib/gcc/arm-atollic-eabi/6.3.1/armv7e-m/fpu/crti.o
                0x08001654                _init
 .init          0x08001658        0x8 c:/program files (x86)/atollic/truestudio for stm32 9.0.0/armtools/bin/../lib/gcc/arm-atollic-eabi/6.3.1/armv7e-m/fpu/crtn.o
 *(.fini)
 .fini          0x08001660        0x4 c:/program files (x86)/atollic/truestudio for stm32 9.0.0/armtools/bin/../lib/gcc/arm-atollic-eabi/6.3.1/armv7e-m/fpu/crti.o
                0x08001660                _fini
 .fini          0x08001664        0x8 c:/program files (x86)/atollic/truestudio for stm32 9.0.0/armtools/bin/../lib/gcc/arm-atollic-eabi/6.3.1/armv7e-m/fpu/crtn.o
                0x0800166c                . = ALIGN (0x4)
                0x0800166c                _etext = .

.vfp11_veneer   0x0800166c        0x0
 .vfp11_veneer  0x0800166c        0x0 linker stubs

.v4_bx          0x0800166c        0x0
 .v4_bx         0x0800166c        0x0 linker stubs

.iplt           0x0800166c        0x0
 .iplt          0x0800166c        0x0 c:/program files (x86)/atollic/truestudio for stm32 9.0.0/armtools/bin/../lib/gcc/arm-atollic-eabi/6.3.1/armv7e-m/fpu/crtbegin.o

.rodata         0x0800166c       0x40
                0x0800166c                . = ALIGN (0x4)
 *(.rodata)
 *(.rodata*)
 .rodata.aPLLMULFactorTable
                0x0800166c       0x10 Drivers\STM32F3xx_HAL_Driver\stm32f3xx_hal_rcc.o
                0x0800166c                aPLLMULFactorTable
 .rodata.aPredivFactorTable
                0x0800167c       0x10 Drivers\STM32F3xx_HAL_Driver\stm32f3xx_hal_rcc.o
                0x0800167c                aPredivFactorTable
 .rodata.MX_SPI1_Init.str1.1
                0x0800168c        0xd Src\spi.o
 .rodata.AHBPrescTable
                0x08001699       0x10 Src\system_stm32f3xx.o
                0x08001699                AHBPrescTable
                0x080016ac                . = ALIGN (0x4)
 *fill*         0x080016a9        0x3 

.rel.dyn        0x080016ac        0x0
 .rel.iplt      0x080016ac        0x0 c:/program files (x86)/atollic/truestudio for stm32 9.0.0/armtools/bin/../lib/gcc/arm-atollic-eabi/6.3.1/armv7e-m/fpu/crtbegin.o

.ARM.extab
 *(.ARM.extab* .gnu.linkonce.armextab.*)

.ARM            0x080016ac        0x0
                0x080016ac                __exidx_start = .
 *(.ARM.exidx*)
                0x080016ac                __exidx_end = .

.preinit_array  0x080016ac        0x0
                0x080016ac                PROVIDE (__preinit_array_start, .)
 *(.preinit_array*)
                0x080016ac                PROVIDE (__preinit_array_end, .)

.init_array     0x080016ac        0x4
                0x080016ac                PROVIDE (__init_array_start, .)
 *(SORT(.init_array.*))
 *(.init_array*)
 .init_array    0x080016ac        0x4 c:/program files (x86)/atollic/truestudio for stm32 9.0.0/armtools/bin/../lib/gcc/arm-atollic-eabi/6.3.1/armv7e-m/fpu/crtbegin.o
                0x080016b0                PROVIDE (__init_array_end, .)

.fini_array     0x080016b0        0x4
                [!provide]                PROVIDE (__fini_array_start, .)
 *(SORT(.fini_array.*))
 *(.fini_array*)
 .fini_array    0x080016b0        0x4 c:/program files (x86)/atollic/truestudio for stm32 9.0.0/armtools/bin/../lib/gcc/arm-atollic-eabi/6.3.1/armv7e-m/fpu/crtbegin.o
                [!provide]                PROVIDE (__fini_array_end, .)
                0x080016b4                _sidata = LOADADDR (.data)

.data           0x20000000      0xc0c load address 0x080016b4
                0x20000000                . = ALIGN (0x4)
                0x20000000                _sdata = .
 *(.data)
 *(.data*)
 .data.uwTickFreq
                0x20000000        0x1 Drivers\STM32F3xx_HAL_Driver\stm32f3xx_hal.o
                0x20000000                uwTickFreq
 *fill*         0x20000001        0x3 
 .data.uwTickPrio
                0x20000004        0x4 Drivers\STM32F3xx_HAL_Driver\stm32f3xx_hal.o
                0x20000004                uwTickPrio
 .data.firmware_data
                0x20000008      0xbfe Src\main.o
                0x20000008                firmware_data
 *fill*         0x20000c06        0x2 
 .data.SystemCoreClock
                0x20000c08        0x4 Src\system_stm32f3xx.o
                0x20000c08                SystemCoreClock
                0x20000c0c                . = ALIGN (0x4)
                0x20000c0c                _edata = .
                0x080022c0                _siccmram = LOADADDR (.ccmram)

.igot.plt       0x20000c0c        0x0 load address 0x080022c0
 .igot.plt      0x20000c0c        0x0 c:/program files (x86)/atollic/truestudio for stm32 9.0.0/armtools/bin/../lib/gcc/arm-atollic-eabi/6.3.1/armv7e-m/fpu/crtbegin.o

.ccmram         0x10000000        0x0 load address 0x080022c0
                0x10000000                . = ALIGN (0x4)
                0x10000000                _sccmram = .
 *(.ccmram)
 *(.ccmram*)
                0x10000000                . = ALIGN (0x4)
                0x10000000                _eccmram = .
                0x10000000                . = ALIGN (0x4)

.bss            0x20000c0c       0x88
                0x20000c0c                _sbss = .
                0x20000c0c                __bss_start__ = _sbss
 *(.bss)
 .bss           0x20000c0c       0x1c c:/program files (x86)/atollic/truestudio for stm32 9.0.0/armtools/bin/../lib/gcc/arm-atollic-eabi/6.3.1/armv7e-m/fpu/crtbegin.o
 *(.bss*)
 .bss.dataArray.8223
                0x20000c28        0x2 Src\main.o
 .bss.output.8230
                0x20000c2a        0x1 Src\main.o
 *(COMMON)
 *fill*         0x20000c2b        0x1 
 COMMON         0x20000c2c        0x4 Drivers\STM32F3xx_HAL_Driver\stm32f3xx_hal.o
                0x20000c2c                uwTick
 COMMON         0x20000c30       0x64 Src\spi.o
                0x20000c30                hspi1
                0x20000c94                . = ALIGN (0x4)
                0x20000c94                _ebss = .
                0x20000c94                __bss_end__ = _ebss

._user_heap_stack
                0x20000c94      0x600
                0x20000c94                . = ALIGN (0x4)
                [!provide]                PROVIDE (end, .)
                [!provide]                PROVIDE (_end, .)
                0x20000e94                . = (. + _Min_Heap_Size)
 *fill*         0x20000c94      0x200 
                0x20001294                . = (. + _Min_Stack_Size)
 *fill*         0x20000e94      0x400 
                0x20001294                . = ALIGN (0x4)

/DISCARD/
 libc.a(*)
 libm.a(*)
 libgcc.a(*)

.ARM.attributes
                0x00000000       0x30
 *(.ARM.attributes)
 .ARM.attributes
                0x00000000       0x22 c:/program files (x86)/atollic/truestudio for stm32 9.0.0/armtools/bin/../lib/gcc/arm-atollic-eabi/6.3.1/armv7e-m/fpu/crti.o
 .ARM.attributes
                0x00000022       0x34 c:/program files (x86)/atollic/truestudio for stm32 9.0.0/armtools/bin/../lib/gcc/arm-atollic-eabi/6.3.1/armv7e-m/fpu/crtbegin.o
 .ARM.attributes
                0x00000056       0x39 Drivers\STM32F3xx_HAL_Driver\stm32f3xx_hal.o
 .ARM.attributes
                0x0000008f       0x39 Drivers\STM32F3xx_HAL_Driver\stm32f3xx_hal_cortex.o
 .ARM.attributes
                0x000000c8       0x39 Drivers\STM32F3xx_HAL_Driver\stm32f3xx_hal_gpio.o
 .ARM.attributes
                0x00000101       0x39 Drivers\STM32F3xx_HAL_Driver\stm32f3xx_hal_rcc.o
 .ARM.attributes
                0x0000013a       0x39 Drivers\STM32F3xx_HAL_Driver\stm32f3xx_hal_spi.o
 .ARM.attributes
                0x00000173       0x39 Src\gpio.o
 .ARM.attributes
                0x000001ac       0x39 Src\main.o
 .ARM.attributes
                0x000001e5       0x39 Src\spi.o
 .ARM.attributes
                0x0000021e       0x39 Src\stm32f3xx_hal_msp.o
 .ARM.attributes
                0x00000257       0x39 Src\stm32f3xx_it.o
 .ARM.attributes
                0x00000290       0x39 Src\system_stm32f3xx.o
 .ARM.attributes
                0x000002c9       0x21 startup\startup_stm32f303x8.o
 .ARM.attributes
                0x000002ea       0x34 c:/program files (x86)/atollic/truestudio for stm32 9.0.0/armtools/bin/../lib/gcc/arm-atollic-eabi/6.3.1/../../../../arm-atollic-eabi/lib/armv7e-m/fpu\libc_nano.a(lib_a-init.o)
 .ARM.attributes
                0x0000031e       0x22 c:/program files (x86)/atollic/truestudio for stm32 9.0.0/armtools/bin/../lib/gcc/arm-atollic-eabi/6.3.1/armv7e-m/fpu/crtn.o
OUTPUT(flowsensor2.elf elf32-littlearm)

.debug_info     0x00000000     0xced0
 .debug_info    0x00000000     0x1012 Drivers\STM32F3xx_HAL_Driver\stm32f3xx_hal.o
 .debug_info    0x00001012     0x146a Drivers\STM32F3xx_HAL_Driver\stm32f3xx_hal_cortex.o
 .debug_info    0x0000247c      0xf98 Drivers\STM32F3xx_HAL_Driver\stm32f3xx_hal_gpio.o
 .debug_info    0x00003414     0x1b01 Drivers\STM32F3xx_HAL_Driver\stm32f3xx_hal_rcc.o
 .debug_info    0x00004f15     0x27d9 Drivers\STM32F3xx_HAL_Driver\stm32f3xx_hal_spi.o
 .debug_info    0x000076ee      0xba8 Src\gpio.o
 .debug_info    0x00008296     0x1890 Src\main.o
 .debug_info    0x00009b26     0x10ce Src\spi.o
 .debug_info    0x0000abf4      0xc5e Src\stm32f3xx_hal_msp.o
 .debug_info    0x0000b852      0x9df Src\stm32f3xx_it.o
 .debug_info    0x0000c231      0xc20 Src\system_stm32f3xx.o
 .debug_info    0x0000ce51       0x7f startup\startup_stm32f303x8.o

.debug_abbrev   0x00000000     0x1cb2
 .debug_abbrev  0x00000000      0x2f9 Drivers\STM32F3xx_HAL_Driver\stm32f3xx_hal.o
 .debug_abbrev  0x000002f9      0x374 Drivers\STM32F3xx_HAL_Driver\stm32f3xx_hal_cortex.o
 .debug_abbrev  0x0000066d      0x268 Drivers\STM32F3xx_HAL_Driver\stm32f3xx_hal_gpio.o
 .debug_abbrev  0x000008d5      0x345 Drivers\STM32F3xx_HAL_Driver\stm32f3xx_hal_rcc.o
 .debug_abbrev  0x00000c1a      0x389 Drivers\STM32F3xx_HAL_Driver\stm32f3xx_hal_spi.o
 .debug_abbrev  0x00000fa3      0x1ec Src\gpio.o
 .debug_abbrev  0x0000118f      0x33f Src\main.o
 .debug_abbrev  0x000014ce      0x227 Src\spi.o
 .debug_abbrev  0x000016f5      0x1f5 Src\stm32f3xx_hal_msp.o
 .debug_abbrev  0x000018ea      0x1ec Src\stm32f3xx_it.o
 .debug_abbrev  0x00001ad6      0x1ca Src\system_stm32f3xx.o
 .debug_abbrev  0x00001ca0       0x12 startup\startup_stm32f303x8.o

.debug_loc      0x00000000     0x2be6
 .debug_loc     0x00000000      0x11b Drivers\STM32F3xx_HAL_Driver\stm32f3xx_hal.o
 .debug_loc     0x0000011b      0x4da Drivers\STM32F3xx_HAL_Driver\stm32f3xx_hal_cortex.o
 .debug_loc     0x000005f5      0x2ba Drivers\STM32F3xx_HAL_Driver\stm32f3xx_hal_gpio.o
 .debug_loc     0x000008af      0x8a8 Drivers\STM32F3xx_HAL_Driver\stm32f3xx_hal_rcc.o
 .debug_loc     0x00001157     0x1888 Drivers\STM32F3xx_HAL_Driver\stm32f3xx_hal_spi.o
 .debug_loc     0x000029df       0xd8 Src\main.o
 .debug_loc     0x00002ab7       0x4d Src\spi.o
 .debug_loc     0x00002b04       0xe2 Src\system_stm32f3xx.o

.debug_aranges  0x00000000      0x548
 .debug_aranges
                0x00000000       0xd8 Drivers\STM32F3xx_HAL_Driver\stm32f3xx_hal.o
 .debug_aranges
                0x000000d8       0x90 Drivers\STM32F3xx_HAL_Driver\stm32f3xx_hal_cortex.o
 .debug_aranges
                0x00000168       0x58 Drivers\STM32F3xx_HAL_Driver\stm32f3xx_hal_gpio.o
 .debug_aranges
                0x000001c0       0x88 Drivers\STM32F3xx_HAL_Driver\stm32f3xx_hal_rcc.o
 .debug_aranges
                0x00000248      0x198 Drivers\STM32F3xx_HAL_Driver\stm32f3xx_hal_spi.o
 .debug_aranges
                0x000003e0       0x20 Src\gpio.o
 .debug_aranges
                0x00000400       0x60 Src\main.o
 .debug_aranges
                0x00000460       0x30 Src\spi.o
 .debug_aranges
                0x00000490       0x20 Src\stm32f3xx_hal_msp.o
 .debug_aranges
                0x000004b0       0x48 Src\stm32f3xx_it.o
 .debug_aranges
                0x000004f8       0x28 Src\system_stm32f3xx.o
 .debug_aranges
                0x00000520       0x28 startup\startup_stm32f303x8.o

.debug_ranges   0x00000000      0x7e0
 .debug_ranges  0x00000000       0xc8 Drivers\STM32F3xx_HAL_Driver\stm32f3xx_hal.o
 .debug_ranges  0x000000c8      0x120 Drivers\STM32F3xx_HAL_Driver\stm32f3xx_hal_cortex.o
 .debug_ranges  0x000001e8       0x68 Drivers\STM32F3xx_HAL_Driver\stm32f3xx_hal_gpio.o
 .debug_ranges  0x00000250      0x1d8 Drivers\STM32F3xx_HAL_Driver\stm32f3xx_hal_rcc.o
 .debug_ranges  0x00000428      0x248 Drivers\STM32F3xx_HAL_Driver\stm32f3xx_hal_spi.o
 .debug_ranges  0x00000670       0x28 Src\gpio.o
 .debug_ranges  0x00000698       0x70 Src\main.o
 .debug_ranges  0x00000708       0x38 Src\spi.o
 .debug_ranges  0x00000740       0x30 Src\stm32f3xx_hal_msp.o
 .debug_ranges  0x00000770       0x38 Src\stm32f3xx_it.o
 .debug_ranges  0x000007a8       0x18 Src\system_stm32f3xx.o
 .debug_ranges  0x000007c0       0x20 startup\startup_stm32f303x8.o

.debug_line     0x00000000     0x3c5e
 .debug_line    0x00000000      0x55d Drivers\STM32F3xx_HAL_Driver\stm32f3xx_hal.o
 .debug_line    0x0000055d      0x4ce Drivers\STM32F3xx_HAL_Driver\stm32f3xx_hal_cortex.o
 .debug_line    0x00000a2b      0x539 Drivers\STM32F3xx_HAL_Driver\stm32f3xx_hal_gpio.o
 .debug_line    0x00000f64      0x926 Drivers\STM32F3xx_HAL_Driver\stm32f3xx_hal_rcc.o
 .debug_line    0x0000188a      0xdf7 Drivers\STM32F3xx_HAL_Driver\stm32f3xx_hal_spi.o
 .debug_line    0x00002681      0x325 Src\gpio.o
 .debug_line    0x000029a6      0x4de Src\main.o
 .debug_line    0x00002e84      0x3bd Src\spi.o
 .debug_line    0x00003241      0x335 Src\stm32f3xx_hal_msp.o
 .debug_line    0x00003576      0x379 Src\stm32f3xx_it.o
 .debug_line    0x000038ef      0x2f0 Src\system_stm32f3xx.o
 .debug_line    0x00003bdf       0x7f startup\startup_stm32f303x8.o

.debug_str      0x00000000     0x20e8
 .debug_str     0x00000000      0xc76 Drivers\STM32F3xx_HAL_Driver\stm32f3xx_hal.o
                                0xd1d (size before relaxing)
 .debug_str     0x00000c76      0x319 Drivers\STM32F3xx_HAL_Driver\stm32f3xx_hal_cortex.o
                                0xd8d (size before relaxing)
 .debug_str     0x00000f8f      0x27f Drivers\STM32F3xx_HAL_Driver\stm32f3xx_hal_gpio.o
                                0x985 (size before relaxing)
 .debug_str     0x0000120e      0x34d Drivers\STM32F3xx_HAL_Driver\stm32f3xx_hal_rcc.o
                                0xaf2 (size before relaxing)
 .debug_str     0x0000155b      0x93f Drivers\STM32F3xx_HAL_Driver\stm32f3xx_hal_spi.o
                               0x102a (size before relaxing)
 .debug_str     0x00001e9a       0x2b Src\gpio.o
                                0x75e (size before relaxing)
 .debug_str     0x00001ec5       0xf1 Src\main.o
                               0x1085 (size before relaxing)
 .debug_str     0x00001fb6       0x17 Src\spi.o
                                0xb6e (size before relaxing)
 .debug_str     0x00001fcd       0x1b Src\stm32f3xx_hal_msp.o
                                0x9c3 (size before relaxing)
 .debug_str     0x00001fe8       0xa6 Src\stm32f3xx_it.o
                                0x6f5 (size before relaxing)
 .debug_str     0x0000208e       0x5a Src\system_stm32f3xx.o
                                0x737 (size before relaxing)

.comment        0x00000000       0x7c
 .comment       0x00000000       0x7c Drivers\STM32F3xx_HAL_Driver\stm32f3xx_hal.o
                                 0x7d (size before relaxing)
 .comment       0x0000007c       0x7d Drivers\STM32F3xx_HAL_Driver\stm32f3xx_hal_cortex.o
 .comment       0x0000007c       0x7d Drivers\STM32F3xx_HAL_Driver\stm32f3xx_hal_gpio.o
 .comment       0x0000007c       0x7d Drivers\STM32F3xx_HAL_Driver\stm32f3xx_hal_rcc.o
 .comment       0x0000007c       0x7d Drivers\STM32F3xx_HAL_Driver\stm32f3xx_hal_spi.o
 .comment       0x0000007c       0x7d Src\gpio.o
 .comment       0x0000007c       0x7d Src\main.o
 .comment       0x0000007c       0x7d Src\spi.o
 .comment       0x0000007c       0x7d Src\stm32f3xx_hal_msp.o
 .comment       0x0000007c       0x7d Src\stm32f3xx_it.o
 .comment       0x0000007c       0x7d Src\system_stm32f3xx.o

.debug_frame    0x00000000      0xd84
 .debug_frame   0x00000000      0x1d0 Drivers\STM32F3xx_HAL_Driver\stm32f3xx_hal.o
 .debug_frame   0x000001d0      0x120 Drivers\STM32F3xx_HAL_Driver\stm32f3xx_hal_cortex.o
 .debug_frame   0x000002f0       0xd8 Drivers\STM32F3xx_HAL_Driver\stm32f3xx_hal_gpio.o
 .debug_frame   0x000003c8      0x140 Drivers\STM32F3xx_HAL_Driver\stm32f3xx_hal_rcc.o
 .debug_frame   0x00000508      0x5bc Drivers\STM32F3xx_HAL_Driver\stm32f3xx_hal_spi.o
 .debug_frame   0x00000ac4       0x28 Src\gpio.o
 .debug_frame   0x00000aec      0x108 Src\main.o
 .debug_frame   0x00000bf4       0x58 Src\spi.o
 .debug_frame   0x00000c4c       0x28 Src\stm32f3xx_hal_msp.o
 .debug_frame   0x00000c74       0xac Src\stm32f3xx_it.o
 .debug_frame   0x00000d20       0x38 Src\system_stm32f3xx.o
 .debug_frame   0x00000d58       0x2c c:/program files (x86)/atollic/truestudio for stm32 9.0.0/armtools/bin/../lib/gcc/arm-atollic-eabi/6.3.1/../../../../arm-atollic-eabi/lib/armv7e-m/fpu\libc_nano.a(lib_a-init.o)
